Component: ARM Compiler 5.06 update 5 (build 528) Tool: armlink [4d35e2]

==============================================================================

Section Cross References

    startup_stm32f10x_md.o(STACK) refers (Special) to heapauxi.o(.text) for __use_two_region_memory
    startup_stm32f10x_md.o(HEAP) refers (Special) to heapauxi.o(.text) for __use_two_region_memory
    startup_stm32f10x_md.o(RESET) refers (Special) to heapauxi.o(.text) for __use_two_region_memory
    startup_stm32f10x_md.o(RESET) refers to startup_stm32f10x_md.o(STACK) for __initial_sp
    startup_stm32f10x_md.o(RESET) refers to startup_stm32f10x_md.o(.text) for Reset_Handler
    startup_stm32f10x_md.o(RESET) refers to stm32f10x_it.o(i.NMI_Handler) for NMI_Handler
    startup_stm32f10x_md.o(RESET) refers to stm32f10x_it.o(i.HardFault_Handler) for HardFault_Handler
    startup_stm32f10x_md.o(RESET) refers to stm32f10x_it.o(i.MemManage_Handler) for MemManage_Handler
    startup_stm32f10x_md.o(RESET) refers to stm32f10x_it.o(i.BusFault_Handler) for BusFault_Handler
    startup_stm32f10x_md.o(RESET) refers to stm32f10x_it.o(i.UsageFault_Handler) for UsageFault_Handler
    startup_stm32f10x_md.o(RESET) refers to port.o(.emb_text) for SVC_Handler
    startup_stm32f10x_md.o(RESET) refers to stm32f10x_it.o(i.DebugMon_Handler) for DebugMon_Handler
    startup_stm32f10x_md.o(RESET) refers to port.o(i.SysTick_Handler) for SysTick_Handler
    startup_stm32f10x_md.o(.text) refers (Special) to heapauxi.o(.text) for __use_two_region_memory
    startup_stm32f10x_md.o(.text) refers to system_stm32f10x.o(i.SystemInit) for SystemInit
    startup_stm32f10x_md.o(.text) refers to __main.o(!!!main) for __main
    startup_stm32f10x_md.o(.text) refers to startup_stm32f10x_md.o(HEAP) for Heap_Mem
    startup_stm32f10x_md.o(.text) refers to startup_stm32f10x_md.o(STACK) for Stack_Mem
    system_stm32f10x.o(i.SetSysClock) refers to system_stm32f10x.o(i.SetSysClockTo72) for SetSysClockTo72
    system_stm32f10x.o(i.SystemCoreClockUpdate) refers to system_stm32f10x.o(.data) for SystemCoreClock
    system_stm32f10x.o(i.SystemInit) refers to system_stm32f10x.o(i.SetSysClock) for SetSysClock
    stm32f10x_adc.o(i.ADC_DeInit) refers to stm32f10x_rcc.o(i.RCC_APB2PeriphResetCmd) for RCC_APB2PeriphResetCmd
    stm32f10x_bkp.o(i.BKP_DeInit) refers to stm32f10x_rcc.o(i.RCC_BackupResetCmd) for RCC_BackupResetCmd
    stm32f10x_can.o(i.CAN_DeInit) refers to stm32f10x_rcc.o(i.RCC_APB1PeriphResetCmd) for RCC_APB1PeriphResetCmd
    stm32f10x_can.o(i.CAN_GetITStatus) refers to stm32f10x_can.o(i.CheckITStatus) for CheckITStatus
    stm32f10x_cec.o(i.CEC_DeInit) refers to stm32f10x_rcc.o(i.RCC_APB1PeriphResetCmd) for RCC_APB1PeriphResetCmd
    stm32f10x_dac.o(i.DAC_DeInit) refers to stm32f10x_rcc.o(i.RCC_APB1PeriphResetCmd) for RCC_APB1PeriphResetCmd
    stm32f10x_flash.o(i.FLASH_EnableWriteProtection) refers to stm32f10x_flash.o(i.FLASH_WaitForLastOperation) for FLASH_WaitForLastOperation
    stm32f10x_flash.o(i.FLASH_EraseAllBank1Pages) refers to stm32f10x_flash.o(i.FLASH_WaitForLastBank1Operation) for FLASH_WaitForLastBank1Operation
    stm32f10x_flash.o(i.FLASH_EraseAllPages) refers to stm32f10x_flash.o(i.FLASH_WaitForLastOperation) for FLASH_WaitForLastOperation
    stm32f10x_flash.o(i.FLASH_EraseOptionBytes) refers to stm32f10x_flash.o(i.FLASH_GetReadOutProtectionStatus) for FLASH_GetReadOutProtectionStatus
    stm32f10x_flash.o(i.FLASH_EraseOptionBytes) refers to stm32f10x_flash.o(i.FLASH_WaitForLastOperation) for FLASH_WaitForLastOperation
    stm32f10x_flash.o(i.FLASH_ErasePage) refers to stm32f10x_flash.o(i.FLASH_WaitForLastOperation) for FLASH_WaitForLastOperation
    stm32f10x_flash.o(i.FLASH_ProgramHalfWord) refers to stm32f10x_flash.o(i.FLASH_WaitForLastOperation) for FLASH_WaitForLastOperation
    stm32f10x_flash.o(i.FLASH_ProgramOptionByteData) refers to stm32f10x_flash.o(i.FLASH_WaitForLastOperation) for FLASH_WaitForLastOperation
    stm32f10x_flash.o(i.FLASH_ProgramWord) refers to stm32f10x_flash.o(i.FLASH_WaitForLastOperation) for FLASH_WaitForLastOperation
    stm32f10x_flash.o(i.FLASH_ReadOutProtection) refers to stm32f10x_flash.o(i.FLASH_WaitForLastOperation) for FLASH_WaitForLastOperation
    stm32f10x_flash.o(i.FLASH_UserOptionByteConfig) refers to stm32f10x_flash.o(i.FLASH_WaitForLastOperation) for FLASH_WaitForLastOperation
    stm32f10x_flash.o(i.FLASH_WaitForLastBank1Operation) refers to stm32f10x_flash.o(i.FLASH_GetBank1Status) for FLASH_GetBank1Status
    stm32f10x_flash.o(i.FLASH_WaitForLastOperation) refers to stm32f10x_flash.o(i.FLASH_GetBank1Status) for FLASH_GetBank1Status
    stm32f10x_gpio.o(i.GPIO_AFIODeInit) refers to stm32f10x_rcc.o(i.RCC_APB2PeriphResetCmd) for RCC_APB2PeriphResetCmd
    stm32f10x_gpio.o(i.GPIO_DeInit) refers to stm32f10x_rcc.o(i.RCC_APB2PeriphResetCmd) for RCC_APB2PeriphResetCmd
    stm32f10x_i2c.o(i.I2C_DeInit) refers to stm32f10x_rcc.o(i.RCC_APB1PeriphResetCmd) for RCC_APB1PeriphResetCmd
[...]
    Removing heap_4.o(i.xPortGetMinimumEverFreeHeapSize), (12 bytes).
    Removing heap_4.o(.bss), (5120 bytes).

651 unused section(s) (total 43558 bytes) removed from the image.

==============================================================================

Image Symbol Table

    Local Symbols

    Symbol Name                              Value     Ov Type        Size  Object(Section)

    ../clib/angel/boardlib.s                 0x00000000   Number         0  boardinit1.o ABSOLUTE
    ../clib/angel/boardlib.s                 0x00000000   Number         0  boardinit2.o ABSOLUTE
    ../clib/angel/boardlib.s                 0x00000000   Number         0  boardinit3.o ABSOLUTE
    ../clib/angel/boardlib.s                 0x00000000   Number         0  boardshut.o ABSOLUTE
    ../clib/angel/handlers.s                 0x00000000   Number         0  __scatter_zi.o ABSOLUTE
    ../clib/angel/handlers.s                 0x00000000   Number         0  __scatter_copy.o ABSOLUTE
    ../clib/angel/kernel.s                   0x00000000   Number         0  __rtentry2.o ABSOLUTE
    ../clib/angel/kernel.s                   0x00000000   Number         0  __rtentry.o ABSOLUTE
    ../clib/angel/kernel.s                   0x00000000   Number         0  __rtentry4.o ABSOLUTE
    ../clib/angel/kernel.s                   0x00000000   Number         0  rtexit.o ABSOLUTE
    ../clib/angel/kernel.s                   0x00000000   Number         0  rtexit2.o ABSOLUTE
    ../clib/angel/rt.s                       0x00000000   Number         0  rt_raise.o ABSOLUTE
    ../clib/angel/rt.s                       0x00000000   Number         0  rt_errno_addr_intlibspace.o ABSOLUTE
    ../clib/angel/rt.s                       0x00000000   Number         0  rt_locale.o ABSOLUTE
    ../clib/angel/rt.s                       0x00000000   Number         0  rt_errno_addr.o ABSOLUTE
    ../clib/angel/rt.s                       0x00000000   Number         0  rt_ctype_table.o ABSOLUTE
    ../clib/angel/rt.s                       0x00000000   Number         0  rt_locale_intlibspace.o ABSOLUTE
    ../clib/angel/scatter.s                  0x00000000   Number         0  __scatter.o ABSOLUTE
    ../clib/angel/startup.s                  0x00000000   Number         0  __main.o ABSOLUTE
    ../clib/angel/sys.s                      0x00000000   Number         0  indicate_semi.o ABSOLUTE
    ../clib/angel/sys.s                      0x00000000   Number         0  use_no_semi.o ABSOLUTE
    ../clib/angel/sys.s                      0x00000000   Number         0  libspace.o ABSOLUTE
    ../clib/angel/sys.s                      0x00000000   Number         0  sys_stackheap_outer.o ABSOLUTE
    ../clib/angel/sysapp.c                   0x00000000   Number         0  sys_wrch.o ABSOLUTE
    ../clib/angel/sysapp.c                   0x00000000   Number         0  sys_command.o ABSOLUTE
    ../clib/angel/sysapp.c                   0x00000000   Number         0  sys_exit.o ABSOLUTE
    ../clib/armsys.c                         0x00000000   Number         0  argv_veneer.o ABSOLUTE
    ../clib/armsys.c                         0x00000000   Number         0  no_argv.o ABSOLUTE
    ../clib/armsys.c                         0x00000000   Number         0  _get_argv_nomalloc.o ABSOLUTE
    ../clib/armsys.c                         0x00000000   Number         0  argv_veneer.o ABSOLUTE
    ../clib/bigflt.c                         0x00000000   Number         0  bigflt0.o ABSOLUTE
    ../clib/btod.s                           0x00000000   Number         0  btod.o ABSOLUTE
    ../clib/fenv.c                           0x00000000   Number         0  _rserrno.o ABSOLUTE
    ../clib/heapalloc.c                      0x00000000   Number         0  hrguard.o ABSOLUTE
    ../clib/heapaux.c                        0x00000000   Number         0  heapauxi.o ABSOLUTE
    ../clib/libinit.s                        0x00000000   Number         0  libshutdown.o ABSOLUTE
    ../clib/libinit.s                        0x00000000   Number         0  libinit.o ABSOLUTE
    ../clib/libinit.s                        0x00000000   Number         0  libshutdown2.o ABSOLUTE
    ../clib/libinit.s                        0x00000000   Number         0  libinit2.o ABSOLUTE
    ../clib/locale.c                         0x00000000   Number         0  _wcrtomb.o ABSOLUTE
    ../clib/locale.s                         0x00000000   Number         0  lc_numeric_c.o ABSOLUTE
    ../clib/locale.s                         0x00000000   Number         0  lc_ctype_c.o ABSOLUTE
    ../clib/longlong.s                       0x00000000   Number         0  lludiv10.o ABSOLUTE
    ../clib/memcpset.s                       0x00000000   Number         0  aeabi_memset.o ABSOLUTE
    ../clib/memcpset.s                       0x00000000   Number         0  rt_memclr.o ABSOLUTE
    ../clib/memcpset.s                       0x00000000   Number         0  strcmpv7m.o ABSOLUTE
    ../clib/memcpset.s                       0x00000000   Number         0  rt_memcpy_w.o ABSOLUTE
    ../clib/memcpset.s                       0x00000000   Number         0  rt_memclr_w.o ABSOLUTE
    ../clib/memcpset.s                       0x00000000   Number         0  rt_memcpy_v6.o ABSOLUTE
    ../clib/misc.s                           0x00000000   Number         0  printf_stubs.o ABSOLUTE
    ../clib/printf.c                         0x00000000   Number         0  _printf_char.o ABSOLUTE
    ../clib/printf.c                         0x00000000   Number         0  _printf_fp_infnan.o ABSOLUTE
    ../clib/printf.c                         0x00000000   Number         0  _printf_dec.o ABSOLUTE
    ../clib/printf.c                         0x00000000   Number         0  _printf_longlong_dec.o ABSOLUTE
    ../clib/printf.c                         0x00000000   Number         0  _printf_oct_int.o ABSOLUTE
    ../clib/printf.c                         0x00000000   Number         0  _printf_str.o ABSOLUTE
    ../clib/printf.c                         0x00000000   Number         0  __printf.o ABSOLUTE
    ../clib/printf.c                         0x00000000   Number         0  _printf_wchar.o ABSOLUTE
    ../clib/printf.c                         0x00000000   Number         0  __2sprintf.o ABSOLUTE
    ../clib/printf.c                         0x00000000   Number         0  vsprintf.o ABSOLUTE
    ../clib/printf.c                         0x00000000   Number         0  __printf_flags.o ABSOLUTE
    ../clib/printf.c                         0x00000000   Number         0  __printf_ss.o ABSOLUTE
    ../clib/printf.c                         0x00000000   Number         0  __printf_flags_ss.o ABSOLUTE
    ../clib/printf.c                         0x00000000   Number         0  __printf_wp.o ABSOLUTE
    ../clib/printf.c                         0x00000000   Number         0  __printf_flags_wp.o ABSOLUTE
    ../clib/printf.c                         0x00000000   Number         0  __printf_flags_ss_wp.o ABSOLUTE
    ../clib/printf.c                         0x00000000   Number         0  _printf_hex_int_ll.o ABSOLUTE
    ../clib/printf.c                         0x00000000   Number         0  _printf_hex_ll.o ABSOLUTE
    ../clib/printf.c                         0x00000000   Number         0  _printf_hex_int_ll_ptr.o ABSOLUTE
    ../clib/printf.c                         0x00000000   Number         0  __printf_ss_wp.o ABSOLUTE
    ../clib/printf.c                         0x00000000   Number         0  _printf_oct_int_ll.o ABSOLUTE
    ../clib/printf.c                         0x00000000   Number         0  _sputc.o ABSOLUTE
    ../clib/printf.c                         0x00000000   Number         0  _printf_char_common.o ABSOLUTE
    ../clib/printf.c                         0x00000000   Number         0  _printf_charcount.o ABSOLUTE
    ../clib/printf.c                         0x00000000   Number         0  _printf_wctomb.o ABSOLUTE
    ../clib/printf.c                         0x00000000   Number         0  _printf_hex_ptr.o ABSOLUTE
    ../clib/printf.c                         0x00000000   Number         0  __printf_nopercent.o ABSOLUTE
    ../clib/printf.c                         0x00000000   Number         0  _printf_fp_hex.o ABSOLUTE
    ../clib/printf.c                         0x00000000   Number         0  _printf_fp_dec.o ABSOLUTE
    ../clib/printf.c                         0x00000000   Number         0  _printf_hex_int.o ABSOLUTE
    ../clib/printf.c                         0x00000000   Number         0  _printf_oct_ll.o ABSOLUTE
    ../clib/printf.c                         0x00000000   Number         0  _printf_intcommon.o ABSOLUTE
    ../clib/printf.c                         0x00000000   Number         0  _printf_pad.o ABSOLUTE
    ../clib/printf.c                         0x00000000   Number         0  _printf_hex_int_ptr.o ABSOLUTE
    ../clib/printf.c                         0x00000000   Number         0  _printf_hex_ll_ptr.o ABSOLUTE
    ../clib/printf.c                         0x00000000   Number         0  noretval__2sprintf.o ABSOLUTE
    ../clib/printf.c                         0x00000000   Number         0  _printf_truncate.o ABSOLUTE
    ../clib/printf_percent.s                 0x00000000   Number         0  _printf_c.o ABSOLUTE
    ../clib/printf_percent.s                 0x00000000   Number         0  _printf_u.o ABSOLUTE
    ../clib/printf_percent.s                 0x00000000   Number         0  _printf_percent.o ABSOLUTE
    ../clib/printf_percent.s                 0x00000000   Number         0  _printf_s.o ABSOLUTE
    ../clib/printf_percent.s                 0x00000000   Number         0  _printf_llu.o ABSOLUTE
    ../clib/printf_percent.s                 0x00000000   Number         0  _printf_ll.o ABSOLUTE
    ../clib/printf_percent.s                 0x00000000   Number         0  _printf_l.o ABSOLUTE
    ../clib/printf_percent.s                 0x00000000   Number         0  _printf_lc.o ABSOLUTE
    ../clib/printf_percent.s                 0x00000000   Number         0  _printf_ls.o ABSOLUTE
    ../clib/printf_percent.s                 0x00000000   Number         0  _printf_n.o ABSOLUTE
    ../clib/printf_percent.s                 0x00000000   Number         0  _printf_x.o ABSOLUTE
    ../clib/printf_percent.s                 0x00000000   Number         0  _printf_o.o ABSOLUTE
    ../clib/printf_percent.s                 0x00000000   Number         0  _printf_i.o ABSOLUTE
    ../clib/printf_percent.s                 0x00000000   Number         0  _printf_f.o ABSOLUTE
    ../clib/printf_percent.s                 0x00000000   Number         0  _printf_e.o ABSOLUTE
    ../clib/printf_percent.s                 0x00000000   Number         0  _printf_g.o ABSOLUTE
    ../clib/printf_percent.s                 0x00000000   Number         0  _printf_a.o ABSOLUTE
    ../clib/printf_percent.s                 0x00000000   Number         0  _printf_llo.o ABSOLUTE
    ../clib/printf_percent.s                 0x00000000   Number         0  _printf_p.o ABSOLUTE
    ../clib/printf_percent.s                 0x00000000   Number         0  _printf_lli.o ABSOLUTE
    ../clib/printf_percent.s                 0x00000000   Number         0  _printf_lld.o ABSOLUTE
    ../clib/printf_percent.s                 0x00000000   Number         0  _printf_d.o ABSOLUTE
    ../clib/printf_percent.s                 0x00000000   Number         0  _printf_percent_end.o ABSOLUTE
    ../clib/printf_percent.s                 0x00000000   Number         0  _printf_llx.o ABSOLUTE
    ../clib/signal.c                         0x00000000   Number         0  defsig_general.o ABSOLUTE
    ../clib/signal.c                         0x00000000   Number         0  defsig_fpe_inner.o ABSOLUTE
    ../clib/signal.c                         0x00000000   Number         0  defsig_rtmem_outer.o ABSOLUTE
    ../clib/signal.c                         0x00000000   Number         0  defsig_rtmem_inner.o ABSOLUTE
    ../clib/signal.c                         0x00000000   Number         0  defsig_abrt_inner.o ABSOLUTE
    ../clib/signal.c                         0x00000000   Number         0  __raise.o ABSOLUTE
    ../clib/signal.c                         0x00000000   Number         0  defsig_rtred_inner.o ABSOLUTE
    ../clib/signal.c                         0x00000000   Number         0  defsig_stak_inner.o ABSOLUTE
    ../clib/signal.c                         0x00000000   Number         0  defsig_pvfn_inner.o ABSOLUTE
    ../clib/signal.c                         0x00000000   Number         0  defsig_cppl_inner.o ABSOLUTE
    ../clib/signal.c                         0x00000000   Number         0  defsig_segv_inner.o ABSOLUTE
    ../clib/signal.c                         0x00000000   Number         0  defsig_other.o ABSOLUTE
    ../clib/signal.c                         0x00000000   Number         0  defsig_rtmem_formal.o ABSOLUTE
    ../clib/signal.c                         0x00000000   Number         0  defsig_exit.o ABSOLUTE
    ../clib/signal.s                         0x00000000   Number         0  defsig.o ABSOLUTE
    ../clib/stdlib.c                         0x00000000   Number         0  exit.o ABSOLUTE
    ../clib/string.c                         0x00000000   Number         0  strlen.o ABSOLUTE
    ../clib/string.c                         0x00000000   Number         0  strcpy.o ABSOLUTE
    ../fplib/d2f.s                           0x00000000   Number         0  d2f.o ABSOLUTE
    ../fplib/daddsub.s                       0x00000000   Number         0  daddsub_clz.o ABSOLUTE
    ../fplib/dcheck1.s                       0x00000000   Number         0  dcheck1.o ABSOLUTE
    ../fplib/dcmpi.s                         0x00000000   Number         0  dcmpi.o ABSOLUTE
    ../fplib/ddiv.s                          0x00000000   Number         0  ddiv.o ABSOLUTE
    ../fplib/dfix.s                          0x00000000   Number         0  dfix.o ABSOLUTE
    ../fplib/dfixu.s                         0x00000000   Number         0  dfixu.o ABSOLUTE
    ../fplib/dflt.s                          0x00000000   Number         0  dflt_clz.o ABSOLUTE
    ../fplib/dleqf.s                         0x00000000   Number         0  dleqf.o ABSOLUTE
    ../fplib/dmul.s                          0x00000000   Number         0  dmul.o ABSOLUTE
    ../fplib/dnaninf.s                       0x00000000   Number         0  dnaninf.o ABSOLUTE
    ../fplib/dretinf.s                       0x00000000   Number         0  dretinf.o ABSOLUTE
    ../fplib/drleqf.s                        0x00000000   Number         0  drleqf.o ABSOLUTE
    ../fplib/drnd.s                          0x00000000   Number         0  drnd.o ABSOLUTE
    ../fplib/faddsub.s                       0x00000000   Number         0  faddsub_clz.o ABSOLUTE
    ../fplib/fcmpi.s                         0x00000000   Number         0  fcmpi.o ABSOLUTE
    ../fplib/fflt.s                          0x00000000   Number         0  fflt_clz.o ABSOLUTE
    ../fplib/fleqf.s                         0x00000000   Number         0  fleqf.o ABSOLUTE
    ../fplib/fnaninf.s                       0x00000000   Number         0  fnaninf.o ABSOLUTE
    ../fplib/fpinit.s                        0x00000000   Number         0  fpinit.o ABSOLUTE
    ../fplib/fretinf.s                       0x00000000   Number         0  fretinf.o ABSOLUTE
    ../fplib/istatus.s                       0x00000000   Number         0  istatus.o ABSOLUTE
    ../fplib/printf1.s                       0x00000000   Number         0  printf1.o ABSOLUTE
    ../fplib/printf2.s                       0x00000000   Number         0  printf2.o ABSOLUTE
    ../fplib/printf2a.s                      0x00000000   Number         0  printf2a.o ABSOLUTE
    ../fplib/printf2b.s                      0x00000000   Number         0  printf2b.o ABSOLUTE
    ../fplib/retnan.s                        0x00000000   Number         0  retnan.o ABSOLUTE
    ../fplib/scalbn.s                        0x00000000   Number         0  scalbn.o ABSOLUTE
    ../fplib/trapv.s                         0x00000000   Number         0  trapv.o ABSOLUTE
    ../fplib/usenofp.s                       0x00000000   Number         0  usenofp.o ABSOLUTE
    ../mathlib/atan.c                        0x00000000   Number         0  atan_x.o ABSOLUTE
    ../mathlib/atan.c                        0x00000000   Number         0  atan.o ABSOLUTE
    ../mathlib/atan2.c                       0x00000000   Number         0  atan2_x.o ABSOLUTE
    ../mathlib/atan2.c                       0x00000000   Number         0  atan2.o ABSOLUTE
    ../mathlib/dunder.c                      0x00000000   Number         0  dunder.o ABSOLUTE
    ../mathlib/fpclassify.c                  0x00000000   Number         0  fpclassify.o ABSOLUTE
    ../mathlib/poly.c                        0x00000000   Number         0  poly.o ABSOLUTE
    ../mathlib/qnan.c                        0x00000000   Number         0  qnan.o ABSOLUTE
    ../mathlib/round.c                       0x00000000   Number         0  round.o ABSOLUTE
    Freertos\\portable\\RVDS\\ARM_CM3\\port.c 0x00000000   Number         0  port.o ABSOLUTE
    Freertos\croutine.c                      0x00000000   Number         0  croutine.o ABSOLUTE
    Freertos\event_groups.c                  0x00000000   Number         0  event_groups.o ABSOLUTE
    Freertos\list.c                          0x00000000   Number         0  list.o ABSOLUTE
    Freertos\portable\MemMang\heap_4.c       0x00000000   Number         0  heap_4.o ABSOLUTE
    Freertos\portable\RVDS\ARM_CM3\port.c    0x00000000   Number         0  port.o ABSOLUTE
    Freertos\queue.c                         0x00000000   Number         0  queue.o ABSOLUTE
    Freertos\stream_buffer.c                 0x00000000   Number         0  stream_buffer.o ABSOLUTE
    Freertos\tasks.c                         0x00000000   Number         0  tasks.o ABSOLUTE
    Freertos\timers.c                        0x00000000   Number         0  timers.o ABSOLUTE
    Hardware\Key.c                           0x00000000   Number         0  key.o ABSOLUTE
    Hardware\LED.c                           0x00000000   Number         0  led.o ABSOLUTE
    Hardware\OLED.c                          0x00000000   Number         0  oled.o ABSOLUTE
    Hardware\OLED_Data.c                     0x00000000   Number         0  oled_data.o ABSOLUTE
    Library\misc.c                           0x00000000   Number         0  misc.o ABSOLUTE
    Library\stm32f10x_adc.c                  0x00000000   Number         0  stm32f10x_adc.o ABSOLUTE
    Library\stm32f10x_bkp.c                  0x00000000   Number         0  stm32f10x_bkp.o ABSOLUTE
    Library\stm32f10x_can.c                  0x00000000   Number         0  stm32f10x_can.o ABSOLUTE
    Library\stm32f10x_cec.c                  0x00000000   Number         0  stm32f10x_cec.o ABSOLUTE
    Library\stm32f10x_crc.c                  0x00000000   Number         0  stm32f10x_crc.o ABSOLUTE
    Library\stm32f10x_dac.c                  0x00000000   Number         0  stm32f10x_dac.o ABSOLUTE
    Library\stm32f10x_dbgmcu.c               0x00000000   Number         0  stm32f10x_dbgmcu.o ABSOLUTE
    Library\stm32f10x_dma.c                  0x00000000   Number         0  stm32f10x_dma.o ABSOLUTE
    Library\stm32f10x_exti.c                 0x00000000   Number         0  stm32f10x_exti.o ABSOLUTE
    Library\stm32f10x_flash.c                0x00000000   Number         0  stm32f10x_flash.o ABSOLUTE
    Library\stm32f10x_fsmc.c                 0x00000000   Number         0  stm32f10x_fsmc.o ABSOLUTE
    Library\stm32f10x_gpio.c                 0x00000000   Number         0  stm32f10x_gpio.o ABSOLUTE
    Library\stm32f10x_i2c.c                  0x00000000   Number         0  stm32f10x_i2c.o ABSOLUTE
    Library\stm32f10x_iwdg.c                 0x00000000   Number         0  stm32f10x_iwdg.o ABSOLUTE
    Library\stm32f10x_pwr.c                  0x00000000   Number         0  stm32f10x_pwr.o ABSOLUTE
    Library\stm32f10x_rcc.c                  0x00000000   Number         0  stm32f10x_rcc.o ABSOLUTE
    Library\stm32f10x_rtc.c                  0x00000000   Number         0  stm32f10x_rtc.o ABSOLUTE
    Library\stm32f10x_sdio.c                 0x00000000   Number         0  stm32f10x_sdio.o ABSOLUTE
    Library\stm32f10x_spi.c                  0x00000000   Number         0  stm32f10x_spi.o ABSOLUTE
    Library\stm32f10x_tim.c                  0x00000000   Number         0  stm32f10x_tim.o ABSOLUTE
    Library\stm32f10x_usart.c                0x00000000   Number         0  stm32f10x_usart.o ABSOLUTE
    Library\stm32f10x_wwdg.c                 0x00000000   Number         0  stm32f10x_wwdg.o ABSOLUTE
    Start\\core_cm3.c                        0x00000000   Number         0  core_cm3.o ABSOLUTE
    Start\core_cm3.c                         0x00000000   Number         0  core_cm3.o ABSOLUTE
    Start\startup_stm32f10x_md.s             0x00000000   Number         0  startup_stm32f10x_md.o ABSOLUTE
    Start\system_stm32f10x.c                 0x00000000   Number         0  system_stm32f10x.o ABSOLUTE
    System\Delay.c                           0x00000000   Number         0  delay.o ABSOLUTE
    User\main.c                              0x00000000   Number         0  main.o ABSOLUTE
    User\stm32f10x_it.c                      0x00000000   Number         0  stm32f10x_it.o ABSOLUTE
    dc.s                                     0x00000000   Number         0  dc.o ABSOLUTE
    RESET                                    0x08000000   Section      236  startup_stm32f10x_md.o(RESET)
    !!!main                                  0x080000ec   Section        8  __main.o(!!!main)
    !!!scatter                               0x080000f4   Section       52  __scatter.o(!!!scatter)
    !!handler_copy                           0x08000128   Section       26  __scatter_copy.o(!!handler_copy)
    !!handler_zi                             0x08000144   Section       28  __scatter_zi.o(!!handler_zi)
    .ARM.Collect$$libinit$$00000000          0x08000160   Section        2  libinit.o(.ARM.Collect$$libinit$$00000000)
    .ARM.Collect$$libinit$$00000002          0x08000162   Section        0  libinit2.o(.ARM.Collect$$libinit$$00000002)
    .ARM.Collect$$libinit$$00000004          0x08000162   Section        0  libinit2.o(.ARM.Collect$$libinit$$00000004)
    .ARM.Collect$$libinit$$0000000A          0x08000162   Section        0  libinit2.o(.ARM.Collect$$libinit$$0000000A)
    .ARM.Collect$$libinit$$0000000C          0x08000162   Section        0  libinit2.o(.ARM.Collect$$libinit$$0000000C)
    .ARM.Collect$$libinit$$0000000E          0x08000162   Section        0  libinit2.o(.ARM.Collect$$libinit$$0000000E)
    .ARM.Collect$$libinit$$00000011          0x08000162   Section        0  libinit2.o(.ARM.Collect$$libinit$$00000011)
    .ARM.Collect$$libinit$$00000013          0x08000162   Section        0  libinit2.o(.ARM.Collect$$libinit$$00000013)
    .ARM.Collect$$libinit$$00000015          0x08000162   Section        0  libinit2.o(.ARM.Collect$$libinit$$00000015)
    .ARM.Collect$$libinit$$00000017          0x08000162   Section        0  libinit2.o(.ARM.Collect$$libinit$$00000017)
    .ARM.Collect$$libinit$$00000019          0x08000162   Section        0  libinit2.o(.ARM.Collect$$libinit$$00000019)
    .ARM.Collect$$libinit$$0000001B          0x08000162   Section        0  libinit2.o(.ARM.Collect$$libinit$$0000001B)
    .ARM.Collect$$libinit$$0000001D          0x08000162   Section        0  libinit2.o(.ARM.Collect$$libinit$$0000001D)
    .ARM.Collect$$libinit$$0000001F          0x08000162   Section        0  libinit2.o(.ARM.Collect$$libinit$$0000001F)
    .ARM.Collect$$libinit$$00000021          0x08000162   Section        0  libinit2.o(.ARM.Collect$$libinit$$00000021)
    .ARM.Collect$$libinit$$00000023          0x08000162   Section        0  libinit2.o(.ARM.Collect$$libinit$$00000023)
    .ARM.Collect$$libinit$$00000025          0x08000162   Section        0  libinit2.o(.ARM.Collect$$libinit$$00000025)
    .ARM.Collect$$libinit$$0000002C          0x08000162   Section        0  libinit2.o(.ARM.Collect$$libinit$$0000002C)
    .ARM.Collect$$libinit$$0000002E          0x08000162   Section        0  libinit2.o(.ARM.Collect$$libinit$$0000002E)
    .ARM.Collect$$libinit$$00000030          0x08000162   Section        0  libinit2.o(.ARM.Collect$$libinit$$00000030)
    .ARM.Collect$$libinit$$00000032          0x08000162   Section        0  libinit2.o(.ARM.Collect$$libinit$$00000032)
    .ARM.Collect$$libinit$$00000033          0x08000162   Section        2  libinit2.o(.ARM.Collect$$libinit$$00000033)
    .ARM.Collect$$libshutdown$$00000000      0x08000164   Section        2  libshutdown.o(.ARM.Collect$$libshutdown$$00000000)
    .ARM.Collect$$libshutdown$$00000002      0x08000166   Section        0  libshutdown2.o(.ARM.Collect$$libshutdown$$00000002)
    .ARM.Collect$$libshutdown$$00000004      0x08000166   Section        0  libshutdown2.o(.ARM.Collect$$libshutdown$$00000004)
    .ARM.Collect$$libshutdown$$00000007      0x08000166   Section        0  libshutdown2.o(.ARM.Collect$$libshutdown$$00000007)
    .ARM.Collect$$libshutdown$$0000000A      0x08000166   Section        0  libshutdown2.o(.ARM.Collect$$libshutdown$$0000000A)
    .ARM.Collect$$libshutdown$$0000000C      0x08000166   Section        0  libshutdown2.o(.ARM.Collect$$libshutdown$$0000000C)
    .ARM.Collect$$libshutdown$$0000000F      0x08000166   Section        0  libshutdown2.o(.ARM.Collect$$libshutdown$$0000000F)
    .ARM.Collect$$libshutdown$$00000010      0x08000166   Section        2  libshutdown2.o(.ARM.Collect$$libshutdown$$00000010)
    .ARM.Collect$$rtentry$$00000000          0x08000168   Section        0  __rtentry.o(.ARM.Collect$$rtentry$$00000000)
    .ARM.Collect$$rtentry$$00000002          0x08000168   Section        0  __rtentry2.o(.ARM.Collect$$rtentry$$00000002)
    .ARM.Collect$$rtentry$$00000004          0x08000168   Section        6  __rtentry4.o(.ARM.Collect$$rtentry$$00000004)
    .ARM.Collect$$rtentry$$00000009          0x0800016e   Section        0  __rtentry2.o(.ARM.Collect$$rtentry$$00000009)
    .ARM.Collect$$rtentry$$0000000A          0x0800016e   Section        4  __rtentry2.o(.ARM.Collect$$rtentry$$0000000A)
    .ARM.Collect$$rtentry$$0000000C          0x08000172   Section        0  __rtentry2.o(.ARM.Collect$$rtentry$$0000000C)
    .ARM.Collect$$rtentry$$0000000D          0x08000172   Section        8  __rtentry2.o(.ARM.Collect$$rtentry$$0000000D)
    .ARM.Collect$$rtexit$$00000000           0x0800017a   Section        2  rtexit.o(.ARM.Collect$$rtexit$$00000000)
    .ARM.Collect$$rtexit$$00000002           0x0800017c   Section        0  rtexit2.o(.ARM.Collect$$rtexit$$00000002)
    .ARM.Collect$$rtexit$$00000003           0x0800017c   Section        4  rtexit2.o(.ARM.Collect$$rtexit$$00000003)
    .ARM.Collect$$rtexit$$00000004           0x08000180   Section        6  rtexit2.o(.ARM.Collect$$rtexit$$00000004)
    .emb_text                                0x08000188   Section      150  port.o(.emb_text)
    .text                                    0x08000220   Section       64  startup_stm32f10x_md.o(.text)
    .text                                    0x08000260   Section      138  rt_memcpy_v6.o(.text)
    .text                                    0x080002ea   Section       16  aeabi_memset.o(.text)
    .text                                    0x080002fa   Section       68  rt_memclr.o(.text)
    .text                                    0x0800033e   Section       78  rt_memclr_w.o(.text)
    .text                                    0x0800038c   Section        0  heapauxi.o(.text)
    .text                                    0x08000392   Section      100  rt_memcpy_w.o(.text)
    .text                                    0x080003f8   Section        8  libspace.o(.text)
    .text                                    0x08000400   Section       74  sys_stackheap_outer.o(.text)
    .text                                    0x0800044a   Section        0  exit.o(.text)
    .text                                    0x0800045c   Section        0  sys_exit.o(.text)
    .text                                    0x08000468   Section        2  use_no_semi.o(.text)
    .text                                    0x0800046a   Section        0  indicate_semi.o(.text)
    i.BusFault_Handler                       0x0800046a   Section        0  stm32f10x_it.o(i.BusFault_Handler)
    i.DebugMon_Handler                       0x0800046e   Section        0  stm32f10x_it.o(i.DebugMon_Handler)
    i.GPIO_Init                              0x08000470   Section        0  stm32f10x_gpio.o(i.GPIO_Init)
    i.GPIO_ReadInputDataBit                  0x08000586   Section        0  stm32f10x_gpio.o(i.GPIO_ReadInputDataBit)
    i.GPIO_ReadOutputDataBit                 0x08000598   Section        0  stm32f10x_gpio.o(i.GPIO_ReadOutputDataBit)
    i.GPIO_ResetBits                         0x080005aa   Section        0  stm32f10x_gpio.o(i.GPIO_ResetBits)
    i.GPIO_SetBits                           0x080005ae   Section        0  stm32f10x_gpio.o(i.GPIO_SetBits)
    i.HardFault_Handler                      0x080005b2   Section        0  stm32f10x_it.o(i.HardFault_Handler)
    i.Key_GetNum                             0x080005b8   Section        0  key.o(i.Key_GetNum)
    i.Key_Init                               0x080005ec   Section        0  key.o(i.Key_Init)
    i.LED_Init                               0x08000618   Section        0  led.o(i.LED_Init)
    i.LED_OFF                                0x0800064c   Section        0  led.o(i.LED_OFF)
    i.LED_Turn                               0x08000660   Section        0  led.o(i.LED_Turn)
    i.MemManage_Handler                      0x08000688   Section        0  stm32f10x_it.o(i.MemManage_Handler)
    i.NMI_Handler                            0x0800068c   Section        0  stm32f10x_it.o(i.NMI_Handler)
    i.RCC_APB2PeriphClockCmd                 0x08000690   Section        0  stm32f10x_rcc.o(i.RCC_APB2PeriphClockCmd)
    i.SetSysClock                            0x080006b0   Section        0  system_stm32f10x.o(i.SetSysClock)
    SetSysClock                              0x080006b1   Thumb Code     8  system_stm32f10x.o(i.SetSysClock)
    i.SetSysClockTo72                        0x080006b8   Section        0  system_stm32f10x.o(i.SetSysClockTo72)
    SetSysClockTo72                          0x080006b9   Thumb Code   214  system_stm32f10x.o(i.SetSysClockTo72)
    i.Start_Task                             0x08000798   Section        0  main.o(i.Start_Task)
    i.SysTick_Handler                        0x08000850   Section        0  port.o(i.SysTick_Handler)
    i.SystemInit                             0x08000884   Section        0  system_stm32f10x.o(i.SystemInit)
    i.Task1                                  0x080008e4   Section        0  main.o(i.Task1)
    i.Task2                                  0x080008f6   Section        0  main.o(i.Task2)
    i.Task3                                  0x08000908   Section        0  main.o(i.Task3)
    i.UsageFault_Handler                     0x08000938   Section        0  stm32f10x_it.o(i.UsageFault_Handler)
    i.main                                   0x0800093c   Section        0  main.o(i.main)
    i.prvAddCurrentTaskToDelayedList         0x08000988   Section        0  tasks.o(i.prvAddCurrentTaskToDelayedList)
    prvAddCurrentTaskToDelayedList           0x08000989   Thumb Code   140  tasks.o(i.prvAddCurrentTaskToDelayedList)
    i.prvAddNewTaskToReadyList               0x08000a2c   Section        0  tasks.o(i.prvAddNewTaskToReadyList)
    prvAddNewTaskToReadyList                 0x08000a2d   Thumb Code   204  tasks.o(i.prvAddNewTaskToReadyList)
    i.prvCheckForValidListAndQueue           0x08000b14   Section        0  timers.o(i.prvCheckForValidListAndQueue)
    prvCheckForValidListAndQueue             0x08000b15   Thumb Code    78  timers.o(i.prvCheckForValidListAndQueue)
    i.prvCheckTasksWaitingTermination        0x08000b88   Section        0  tasks.o(i.prvCheckTasksWaitingTermination)
    prvCheckTasksWaitingTermination          0x08000b89   Thumb Code    60  tasks.o(i.prvCheckTasksWaitingTermination)
    i.prvCopyDataFromQueue                   0x08000bd0   Section        0  queue.o(i.prvCopyDataFromQueue)
    prvCopyDataFromQueue                     0x08000bd1   Thumb Code    42  queue.o(i.prvCopyDataFromQueue)
    i.prvCopyDataToQueue                     0x08000bfa   Section        0  queue.o(i.prvCopyDataToQueue)
    prvCopyDataToQueue                       0x08000bfb   Thumb Code   126  queue.o(i.prvCopyDataToQueue)
    i.prvDeleteTCB                           0x08000c78   Section        0  tasks.o(i.prvDeleteTCB)
    prvDeleteTCB                             0x08000c79   Thumb Code    40  tasks.o(i.prvDeleteTCB)
    i.prvGetNextExpireTime                   0x08000ca0   Section        0  timers.o(i.prvGetNextExpireTime)
    prvGetNextExpireTime                     0x08000ca1   Thumb Code    36  timers.o(i.prvGetNextExpireTime)
    i.prvIdleTask                            0x08000cc8   Section        0  tasks.o(i.prvIdleTask)
    prvIdleTask                              0x08000cc9   Thumb Code    32  tasks.o(i.prvIdleTask)
    i.prvInitialiseNewQueue                  0x08000cf0   Section        0  queue.o(i.prvInitialiseNewQueue)
    prvInitialiseNewQueue                    0x08000cf1   Thumb Code    46  queue.o(i.prvInitialiseNewQueue)
    i.prvInitialiseNewTask                   0x08000d1e   Section        0  tasks.o(i.prvInitialiseNewTask)
    prvInitialiseNewTask                     0x08000d1f   Thumb Code   134  tasks.o(i.prvInitialiseNewTask)
    i.prvInitialiseTaskLists                 0x08000da4   Section        0  tasks.o(i.prvInitialiseTaskLists)
    prvInitialiseTaskLists                   0x08000da5   Thumb Code    70  tasks.o(i.prvInitialiseTaskLists)
    i.prvInsertBlockIntoFreeList             0x08000e0c   Section        0  heap_4.o(i.prvInsertBlockIntoFreeList)
    prvInsertBlockIntoFreeList               0x08000e0d   Thumb Code    96  heap_4.o(i.prvInsertBlockIntoFreeList)
    i.prvInsertTimerInActiveList             0x08000e74   Section        0  timers.o(i.prvInsertTimerInActiveList)
    prvInsertTimerInActiveList               0x08000e75   Thumb Code    80  timers.o(i.prvInsertTimerInActiveList)
    i.prvIsQueueEmpty                        0x08000ecc   Section        0  queue.o(i.prvIsQueueEmpty)
    prvIsQueueEmpty                          0x08000ecd   Thumb Code    26  queue.o(i.prvIsQueueEmpty)
    i.prvNotifyQueueSetContainer             0x08000ee6   Section        0  queue.o(i.prvNotifyQueueSetContainer)
    prvNotifyQueueSetContainer               0x08000ee7   Thumb Code    88  queue.o(i.prvNotifyQueueSetContainer)
    i.prvProcessExpiredTimer                 0x08000f40   Section        0  timers.o(i.prvProcessExpiredTimer)
    prvProcessExpiredTimer                   0x08000f41   Thumb Code    62  timers.o(i.prvProcessExpiredTimer)
    i.prvProcessReceivedCommands             0x08000f84   Section        0  timers.o(i.prvProcessReceivedCommands)
    prvProcessReceivedCommands               0x08000f85   Thumb Code   268  timers.o(i.prvProcessReceivedCommands)
    i.prvProcessTimerOrBlockTask             0x08001094   Section        0  timers.o(i.prvProcessTimerOrBlockTask)
    prvProcessTimerOrBlockTask               0x08001095   Thumb Code   102  timers.o(i.prvProcessTimerOrBlockTask)
    i.prvReloadTimer                         0x08001108   Section        0  timers.o(i.prvReloadTimer)
    prvReloadTimer                           0x08001109   Thumb Code    40  timers.o(i.prvReloadTimer)
    i.prvResetNextTaskUnblockTime            0x08001130   Section        0  tasks.o(i.prvResetNextTaskUnblockTime)
    prvResetNextTaskUnblockTime              0x08001131   Thumb Code    40  tasks.o(i.prvResetNextTaskUnblockTime)
    i.prvSampleTimeNow                       0x08001160   Section        0  timers.o(i.prvSampleTimeNow)
    prvSampleTimeNow                         0x08001161   Thumb Code    40  timers.o(i.prvSampleTimeNow)
    i.prvSwitchTimerLists                    0x0800118c   Section        0  timers.o(i.prvSwitchTimerLists)
    prvSwitchTimerLists                      0x0800118d   Thumb Code    58  timers.o(i.prvSwitchTimerLists)
    i.prvTaskExitError                       0x080011d0   Section        0  port.o(i.prvTaskExitError)
    prvTaskExitError                         0x080011d1   Thumb Code    22  port.o(i.prvTaskExitError)
    i.prvTimerTask                           0x080011e6   Section        0  timers.o(i.prvTimerTask)
    prvTimerTask                             0x080011e7   Thumb Code    26  timers.o(i.prvTimerTask)
    i.prvUnlockQueue                         0x08001200   Section        0  queue.o(i.prvUnlockQueue)
    prvUnlockQueue                           0x08001201   Thumb Code   144  queue.o(i.prvUnlockQueue)
    i.pxPortInitialiseStack                  0x08001290   Section        0  port.o(i.pxPortInitialiseStack)
    i.uxListRemove                           0x080012b4   Section        0  list.o(i.uxListRemove)
    i.uxTaskGetNumberOfTasks                 0x080012dc   Section        0  tasks.o(i.uxTaskGetNumberOfTasks)
    i.vApplicationGetIdleTaskMemory          0x080012e8   Section        0  main.o(i.vApplicationGetIdleTaskMemory)
    i.vApplicationGetTimerTaskMemory         0x08001300   Section        0  main.o(i.vApplicationGetTimerTaskMemory)
    i.vListInitialise                        0x08001318   Section        0  list.o(i.vListInitialise)
    i.vListInitialiseItem                    0x08001332   Section        0  list.o(i.vListInitialiseItem)
    i.vListInsert                            0x08001338   Section        0  list.o(i.vListInsert)
    i.vListInsertEnd                         0x0800136c   Section        0  list.o(i.vListInsertEnd)
    i.vPortEnterCritical                     0x08001384   Section        0  port.o(i.vPortEnterCritical)
    i.vPortExitCritical                      0x080013a8   Section        0  port.o(i.vPortExitCritical)
    i.vPortFree                              0x080013c8   Section        0  heap_4.o(i.vPortFree)
    i.vPortSetupTimerInterrupt               0x08001414   Section        0  port.o(i.vPortSetupTimerInterrupt)
    i.vQueueAddToRegistry                    0x0800143c   Section        0  queue.o(i.vQueueAddToRegistry)
    i.vQueueWaitForMessageRestricted         0x08001484   Section        0  queue.o(i.vQueueWaitForMessageRestricted)
    i.vTaskDelay                             0x080014d0   Section        0  tasks.o(i.vTaskDelay)
    i.vTaskDelete                            0x08001504   Section        0  tasks.o(i.vTaskDelete)
    i.vTaskInternalSetTimeOutState           0x080015ac   Section        0  tasks.o(i.vTaskInternalSetTimeOutState)
    i.vTaskMissedYield                       0x080015c4   Section        0  tasks.o(i.vTaskMissedYield)
    i.vTaskPlaceOnEventList                  0x080015d0   Section        0  tasks.o(i.vTaskPlaceOnEventList)
    i.vTaskPlaceOnEventListRestricted        0x080015f0   Section        0  tasks.o(i.vTaskPlaceOnEventListRestricted)
    i.vTaskStartScheduler                    0x0800163c   Section        0  tasks.o(i.vTaskStartScheduler)
    i.vTaskSuspendAll                        0x080016d8   Section        0  tasks.o(i.vTaskSuspendAll)
    i.vTaskSwitchContext                     0x080016e8   Section        0  tasks.o(i.vTaskSwitchContext)
    i.xPortStartScheduler                    0x08001760   Section        0  port.o(i.xPortStartScheduler)
    i.xQueueGenericCreateStatic              0x08001794   Section        0  queue.o(i.xQueueGenericCreateStatic)
    i.xQueueGenericReset                     0x080017d4   Section        0  queue.o(i.xQueueGenericReset)
    i.xQueueReceive                          0x08001874   Section        0  queue.o(i.xQueueReceive)
    i.xTaskCheckForTimeOut                   0x08001978   Section        0  tasks.o(i.xTaskCheckForTimeOut)
    i.xTaskCreateStatic                      0x080019d8   Section        0  tasks.o(i.xTaskCreateStatic)
    i.xTaskGetTickCount                      0x08001a30   Section        0  tasks.o(i.xTaskGetTickCount)
    i.xTaskIncrementTick                     0x08001a3c   Section        0  tasks.o(i.xTaskIncrementTick)
    i.xTaskPriorityDisinherit                0x08001bcc   Section        0  tasks.o(i.xTaskPriorityDisinherit)
    i.xTaskRemoveFromEventList               0x08001c60   Section        0  tasks.o(i.xTaskRemoveFromEventList)
    i.xTaskResumeAll                         0x08001d68   Section        0  tasks.o(i.xTaskResumeAll)
    i.xTimerCreateTimerTask                  0x08001ec0   Section        0  timers.o(i.xTimerCreateTimerTask)
    .data                                    0x20000000   Section       20  system_stm32f10x.o(.data)
    .data                                    0x20000014   Section       16  main.o(.data)
    .data                                    0x20000024   Section       64  tasks.o(.data)
    pxDelayedTaskList                        0x20000028   Data           4  tasks.o(.data)
    pxOverflowDelayedTaskList                0x2000002c   Data           4  tasks.o(.data)
    uxDeletedTasksWaitingCleanUp             0x20000030   Data           4  tasks.o(.data)
    uxCurrentNumberOfTasks                   0x20000034   Data           4  tasks.o(.data)
    xTickCount                               0x20000038   Data           4  tasks.o(.data)
    uxTopReadyPriority                       0x2000003c   Data           4  tasks.o(.data)
    xSchedulerRunning                        0x20000040   Data           4  tasks.o(.data)
    xPendedTicks                             0x20000044   Data           4  tasks.o(.data)
    xYieldPending                            0x20000048   Data           4  tasks.o(.data)
    xNumOfOverflows                          0x2000004c   Data           4  tasks.o(.data)
    uxTaskNumber                             0x20000050   Data           4  tasks.o(.data)
    xNextTaskUnblockTime                     0x20000054   Data           4  tasks.o(.data)
    xIdleTaskHandle                          0x20000058   Data           4  tasks.o(.data)
    uxSchedulerSuspended                     0x20000060   Data           4  tasks.o(.data)
    .data                                    0x20000064   Section       20  timers.o(.data)
    pxCurrentTimerList                       0x20000064   Data           4  timers.o(.data)
    pxOverflowTimerList                      0x20000068   Data           4  timers.o(.data)
    xTimerQueue                              0x2000006c   Data           4  timers.o(.data)
    xTimerTaskHandle                         0x20000070   Data           4  timers.o(.data)
    xLastTime                                0x20000074   Data           4  timers.o(.data)
    .data                                    0x20000078   Section        4  port.o(.data)
    uxCriticalNesting                        0x20000078   Data           4  port.o(.data)
    .data                                    0x2000007c   Section       28  heap_4.o(.data)
    xStart                                   0x2000007c   Data           8  heap_4.o(.data)
    pxEnd                                    0x20000084   Data           4  heap_4.o(.data)
    xFreeBytesRemaining                      0x20000088   Data           4  heap_4.o(.data)
    xMinimumEverFreeBytesRemaining           0x2000008c   Data           4  heap_4.o(.data)
    xNumberOfSuccessfulAllocations           0x20000090   Data           4  heap_4.o(.data)
    xNumberOfSuccessfulFrees                 0x20000094   Data           4  heap_4.o(.data)
    .bss                                     0x20000098   Section     3624  main.o(.bss)
    .bss                                     0x20000ec0   Section       64  queue.o(.bss)
    .bss                                     0x20000f00   Section      200  tasks.o(.bss)
    pxReadyTasksLists                        0x20000f00   Data         100  tasks.o(.bss)
    xDelayedTaskList1                        0x20000f64   Data          20  tasks.o(.bss)
    xDelayedTaskList2                        0x20000f78   Data          20  tasks.o(.bss)
    xPendingReadyList                        0x20000f8c   Data          20  tasks.o(.bss)
    xTasksWaitingTermination                 0x20000fa0   Data          20  tasks.o(.bss)
    xSuspendedTaskList                       0x20000fb4   Data          20  tasks.o(.bss)
    .bss                                     0x20000fc8   Section      284  timers.o(.bss)
    xActiveTimerList1                        0x20000fc8   Data          20  timers.o(.bss)
    xActiveTimerList2                        0x20000fdc   Data          20  timers.o(.bss)
    xStaticTimerQueue                        0x20000ff0   Data          84  timers.o(.bss)
    ucStaticTimerQueueStorage                0x20001044   Data         160  timers.o(.bss)
    .bss                                     0x200010e4   Section       96  libspace.o(.bss)
    HEAP                                     0x20001148   Section      512  startup_stm32f10x_md.o(HEAP)
    Heap_Mem                                 0x20001148   Data         512  startup_stm32f10x_md.o(HEAP)
    STACK                                    0x20001348   Section     1024  startup_stm32f10x_md.o(STACK)
    Stack_Mem                                0x20001348   Data        1024  startup_stm32f10x_md.o(STACK)
    __initial_sp                             0x20001748   Data           0  startup_stm32f10x_md.o(STACK)

    Global Symbols

    Symbol Name                              Value     Ov Type        Size  Object(Section)

    BuildAttributes$$THM_ISAv4$P$D$K$B$S$PE$A:L22UL41UL21$X:L11$S22US41US21$IEEE1$IW$USESV6$~STKCKD$USESV7$~SHL$OTIME$ROPI$IEEEX$EBA8$UX$STANDARDLIB$REQ8$PRES8$EABIv2 0x00000000   Number         0  anon$$obj.o ABSOLUTE
    __ARM_use_no_argv                        0x00000000   Number         0  main.o ABSOLUTE
    _printf_flags                            0x00000000   Number         0  printf_stubs.o ABSOLUTE
    _printf_return_value                     0x00000000   Number         0  printf_stubs.o ABSOLUTE
    _printf_sizespec                         0x00000000   Number         0  printf_stubs.o ABSOLUTE
    _printf_widthprec                        0x00000000   Number         0  printf_stubs.o ABSOLUTE
    __ARM_exceptions_init                     - Undefined Weak Reference
    __alloca_initialize                       - Undefined Weak Reference
    __arm_preinit_                            - Undefined Weak Reference
    __cpp_initialize__aeabi_                  - Undefined Weak Reference
    __cxa_finalize                            - Undefined Weak Reference
    __sigvec_lookup                           - Undefined Weak Reference
    _atexit_init                              - Undefined Weak Reference
    _call_atexit_fns                          - Undefined Weak Reference
    _clock_init                               - Undefined Weak Reference
    _fp_trap_init                             - Undefined Weak Reference
    _fp_trap_shutdown                         - Undefined Weak Reference
    _get_lc_collate                           - Undefined Weak Reference
    _get_lc_monetary                          - Undefined Weak Reference
    _get_lc_time                              - Undefined Weak Reference
    _getenv_init                              - Undefined Weak Reference
    _handle_redirection                       - Undefined Weak Reference
    _init_alloc                               - Undefined Weak Reference
    _init_user_alloc                          - Undefined Weak Reference
    _initio                                   - Undefined Weak Reference
    _printf_mbtowc                            - Undefined Weak Reference
    _printf_wc                                - Undefined Weak Reference
    _rand_init                                - Undefined Weak Reference
    _signal_finish                            - Undefined Weak Reference
    _signal_init                              - Undefined Weak Reference
    _terminate_alloc                          - Undefined Weak Reference
    _terminate_user_alloc                     - Undefined Weak Reference
    _terminateio                              - Undefined Weak Reference
    __Vectors_Size                           0x000000ec   Number         0  startup_stm32f10x_md.o ABSOLUTE
    __Vectors                                0x08000000   Data           4  startup_stm32f10x_md.o(RESET)
    __Vectors_End                            0x080000ec   Data           0  startup_stm32f10x_md.o(RESET)
    __main                                   0x080000ed   Thumb Code     8  __main.o(!!!main)
    __scatterload                            0x080000f5   Thumb Code     0  __scatter.o(!!!scatter)
    __scatterload_rt2                        0x080000f5   Thumb Code    44  __scatter.o(!!!scatter)
    __scatterload_rt2_thumb_only             0x080000f5   Thumb Code     0  __scatter.o(!!!scatter)
    __scatterload_null                       0x08000103   Thumb Code     0  __scatter.o(!!!scatter)
    __scatterload_copy                       0x08000129   Thumb Code    26  __scatter_copy.o(!!handler_copy)
    __scatterload_zeroinit                   0x08000145   Thumb Code    28  __scatter_zi.o(!!handler_zi)
    __rt_lib_init                            0x08000161   Thumb Code     0  libinit.o(.ARM.Collect$$libinit$$00000000)
    __rt_lib_init_alloca_1                   0x08000163   Thumb Code     0  libinit2.o(.ARM.Collect$$libinit$$0000002E)
    __rt_lib_init_argv_1                     0x08000163   Thumb Code     0  libinit2.o(.ARM.Collect$$libinit$$0000002C)
    __rt_lib_init_atexit_1                   0x08000163   Thumb Code     0  libinit2.o(.ARM.Collect$$libinit$$0000001B)
    __rt_lib_init_clock_1                    0x08000163   Thumb Code     0  libinit2.o(.ARM.Collect$$libinit$$00000021)
    __rt_lib_init_cpp_1                      0x08000163   Thumb Code     0  libinit2.o(.ARM.Collect$$libinit$$00000032)
    __rt_lib_init_exceptions_1               0x08000163   Thumb Code     0  libinit2.o(.ARM.Collect$$libinit$$00000030)
    __rt_lib_init_fp_1                       0x08000163   Thumb Code     0  libinit2.o(.ARM.Collect$$libinit$$00000002)
    __rt_lib_init_fp_trap_1                  0x08000163   Thumb Code     0  libinit2.o(.ARM.Collect$$libinit$$0000001F)
    __rt_lib_init_getenv_1                   0x08000163   Thumb Code     0  libinit2.o(.ARM.Collect$$libinit$$00000023)
    __rt_lib_init_heap_1                     0x08000163   Thumb Code     0  libinit2.o(.ARM.Collect$$libinit$$0000000A)
    __rt_lib_init_lc_collate_1               0x08000163   Thumb Code     0  libinit2.o(.ARM.Collect$$libinit$$00000011)
    __rt_lib_init_lc_ctype_1                 0x08000163   Thumb Code     0  libinit2.o(.ARM.Collect$$libinit$$00000013)
    __rt_lib_init_lc_monetary_1              0x08000163   Thumb Code     0  libinit2.o(.ARM.Collect$$libinit$$00000015)
    __rt_lib_init_lc_numeric_1               0x08000163   Thumb Code     0  libinit2.o(.ARM.Collect$$libinit$$00000017)
    __rt_lib_init_lc_time_1                  0x08000163   Thumb Code     0  libinit2.o(.ARM.Collect$$libinit$$00000019)
    __rt_lib_init_preinit_1                  0x08000163   Thumb Code     0  libinit2.o(.ARM.Collect$$libinit$$00000004)
    __rt_lib_init_rand_1                     0x08000163   Thumb Code     0  libinit2.o(.ARM.Collect$$libinit$$0000000E)
    __rt_lib_init_return                     0x08000163   Thumb Code     0  libinit2.o(.ARM.Collect$$libinit$$00000033)
    __rt_lib_init_signal_1                   0x08000163   Thumb Code     0  libinit2.o(.ARM.Collect$$libinit$$0000001D)
    __rt_lib_init_stdio_1                    0x08000163   Thumb Code     0  libinit2.o(.ARM.Collect$$libinit$$00000025)
    __rt_lib_init_user_alloc_1               0x08000163   Thumb Code     0  libinit2.o(.ARM.Collect$$libinit$$0000000C)
    __rt_lib_shutdown                        0x08000165   Thumb Code     0  libshutdown.o(.ARM.Collect$$libshutdown$$00000000)
    __rt_lib_shutdown_cpp_1                  0x08000167   Thumb Code     0  libshutdown2.o(.ARM.Collect$$libshutdown$$00000002)
    __rt_lib_shutdown_fp_trap_1              0x08000167   Thumb Code     0  libshutdown2.o(.ARM.Collect$$libshutdown$$00000007)
    __rt_lib_shutdown_heap_1                 0x08000167   Thumb Code     0  libshutdown2.o(.ARM.Collect$$libshutdown$$0000000F)
    __rt_lib_shutdown_return                 0x08000167   Thumb Code     0  libshutdown2.o(.ARM.Collect$$libshutdown$$00000010)
    __rt_lib_shutdown_signal_1               0x08000167   Thumb Code     0  libshutdown2.o(.ARM.Collect$$libshutdown$$0000000A)
    __rt_lib_shutdown_stdio_1                0x08000167   Thumb Code     0  libshutdown2.o(.ARM.Collect$$libshutdown$$00000004)
    __rt_lib_shutdown_user_alloc_1           0x08000167   Thumb Code     0  libshutdown2.o(.ARM.Collect$$libshutdown$$0000000C)
    __rt_entry                               0x08000169   Thumb Code     0  __rtentry.o(.ARM.Collect$$rtentry$$00000000)
    __rt_entry_presh_1                       0x08000169   Thumb Code     0  __rtentry2.o(.ARM.Collect$$rtentry$$00000002)
    __rt_entry_sh                            0x08000169   Thumb Code     0  __rtentry4.o(.ARM.Collect$$rtentry$$00000004)
    __rt_entry_li                            0x0800016f   Thumb Code     0  __rtentry2.o(.ARM.Collect$$rtentry$$0000000A)
    __rt_entry_postsh_1                      0x0800016f   Thumb Code     0  __rtentry2.o(.ARM.Collect$$rtentry$$00000009)
    __rt_entry_main                          0x08000173   Thumb Code     0  __rtentry2.o(.ARM.Collect$$rtentry$$0000000D)
    __rt_entry_postli_1                      0x08000173   Thumb Code     0  __rtentry2.o(.ARM.Collect$$rtentry$$0000000C)
    __rt_exit                                0x0800017b   Thumb Code     0  rtexit.o(.ARM.Collect$$rtexit$$00000000)
    __rt_exit_ls                             0x0800017d   Thumb Code     0  rtexit2.o(.ARM.Collect$$rtexit$$00000003)
    __rt_exit_prels_1                        0x0800017d   Thumb Code     0  rtexit2.o(.ARM.Collect$$rtexit$$00000002)
    __rt_exit_exit                           0x08000181   Thumb Code     0  rtexit2.o(.ARM.Collect$$rtexit$$00000004)
    SVC_Handler                              0x08000189   Thumb Code    32  port.o(.emb_text)
    __asm___6_port_c_39a90d8d__prvStartFirstTask 0x080001ad   Thumb Code    28  port.o(.emb_text)
    PendSV_Handler                           0x080001cd   Thumb Code    72  port.o(.emb_text)
    vPortGetIPSR                             0x08000219   Thumb Code     6  port.o(.emb_text)
    Reset_Handler                            0x08000221   Thumb Code     8  startup_stm32f10x_md.o(.text)
    ADC1_2_IRQHandler                        0x0800023b   Thumb Code     0  startup_stm32f10x_md.o(.text)
    CAN1_RX1_IRQHandler                      0x0800023b   Thumb Code     0  startup_stm32f10x_md.o(.text)
    CAN1_SCE_IRQHandler                      0x0800023b   Thumb Code     0  startup_stm32f10x_md.o(.text)
    DMA1_Channel1_IRQHandler                 0x0800023b   Thumb Code     0  startup_stm32f10x_md.o(.text)
    DMA1_Channel2_IRQHandler                 0x0800023b   Thumb Code     0  startup_stm32f10x_md.o(.text)
    DMA1_Channel3_IRQHandler                 0x0800023b   Thumb Code     0  startup_stm32f10x_md.o(.text)
    DMA1_Channel4_IRQHandler                 0x0800023b   Thumb Code     0  startup_stm32f10x_md.o(.text)
    DMA1_Channel5_IRQHandler                 0x0800023b   Thumb Code     0  startup_stm32f10x_md.o(.text)
    DMA1_Channel6_IRQHandler                 0x0800023b   Thumb Code     0  startup_stm32f10x_md.o(.text)
    DMA1_Channel7_IRQHandler                 0x0800023b   Thumb Code     0  startup_stm32f10x_md.o(.text)
    EXTI0_IRQHandler                         0x0800023b   Thumb Code     0  startup_stm32f10x_md.o(.text)
    EXTI15_10_IRQHandler                     0x0800023b   Thumb Code     0  startup_stm32f10x_md.o(.text)
    EXTI1_IRQHandler                         0x0800023b   Thumb Code     0  startup_stm32f10x_md.o(.text)
    EXTI2_IRQHandler                         0x0800023b   Thumb Code     0  startup_stm32f10x_md.o(.text)
    EXTI3_IRQHandler                         0x0800023b   Thumb Code     0  startup_stm32f10x_md.o(.text)
    EXTI4_IRQHandler                         0x0800023b   Thumb Code     0  startup_stm32f10x_md.o(.text)
    EXTI9_5_IRQHandler                       0x0800023b   Thumb Code     0  startup_stm32f10x_md.o(.text)
    FLASH_IRQHandler                         0x0800023b   Thumb Code     0  startup_stm32f10x_md.o(.text)
    I2C1_ER_IRQHandler                       0x0800023b   Thumb Code     0  startup_stm32f10x_md.o(.text)
    I2C1_EV_IRQHandler                       0x0800023b   Thumb Code     0  startup_stm32f10x_md.o(.text)
    I2C2_ER_IRQHandler                       0x0800023b   Thumb Code     0  startup_stm32f10x_md.o(.text)
    I2C2_EV_IRQHandler                       0x0800023b   Thumb Code     0  startup_stm32f10x_md.o(.text)
    PVD_IRQHandler                           0x0800023b   Thumb Code     0  startup_stm32f10x_md.o(.text)
    RCC_IRQHandler                           0x0800023b   Thumb Code     0  startup_stm32f10x_md.o(.text)
    RTCAlarm_IRQHandler                      0x0800023b   Thumb Code     0  startup_stm32f10x_md.o(.text)
    RTC_IRQHandler                           0x0800023b   Thumb Code     0  startup_stm32f10x_md.o(.text)
    SPI1_IRQHandler                          0x0800023b   Thumb Code     0  startup_stm32f10x_md.o(.text)
    SPI2_IRQHandler                          0x0800023b   Thumb Code     0  startup_stm32f10x_md.o(.text)
    TAMPER_IRQHandler                        0x0800023b   Thumb Code     0  startup_stm32f10x_md.o(.text)
    TIM1_BRK_IRQHandler                      0x0800023b   Thumb Code     0  startup_stm32f10x_md.o(.text)
    TIM1_CC_IRQHandler                       0x0800023b   Thumb Code     0  startup_stm32f10x_md.o(.text)
    TIM1_TRG_COM_IRQHandler                  0x0800023b   Thumb Code     0  startup_stm32f10x_md.o(.text)
    TIM1_UP_IRQHandler                       0x0800023b   Thumb Code     0  startup_stm32f10x_md.o(.text)
    TIM2_IRQHandler                          0x0800023b   Thumb Code     0  startup_stm32f10x_md.o(.text)
    TIM3_IRQHandler                          0x0800023b   Thumb Code     0  startup_stm32f10x_md.o(.text)
    TIM4_IRQHandler                          0x0800023b   Thumb Code     0  startup_stm32f10x_md.o(.text)
    USART1_IRQHandler                        0x0800023b   Thumb Code     0  startup_stm32f10x_md.o(.text)
    USART2_IRQHandler                        0x0800023b   Thumb Code     0  startup_stm32f10x_md.o(.text)
    USART3_IRQHandler                        0x0800023b   Thumb Code     0  startup_stm32f10x_md.o(.text)
    USBWakeUp_IRQHandler                     0x0800023b   Thumb Code     0  startup_stm32f10x_md.o(.text)
    USB_HP_CAN1_TX_IRQHandler                0x0800023b   Thumb Code     0  startup_stm32f10x_md.o(.text)
    USB_LP_CAN1_RX0_IRQHandler               0x0800023b   Thumb Code     0  startup_stm32f10x_md.o(.text)
    WWDG_IRQHandler                          0x0800023b   Thumb Code     0  startup_stm32f10x_md.o(.text)
    __user_initial_stackheap                 0x0800023d   Thumb Code     0  startup_stm32f10x_md.o(.text)
    __aeabi_memcpy                           0x08000261   Thumb Code     0  rt_memcpy_v6.o(.text)
    __rt_memcpy                              0x08000261   Thumb Code   138  rt_memcpy_v6.o(.text)
    _memcpy_lastbytes                        0x080002c7   Thumb Code     0  rt_memcpy_v6.o(.text)
    __aeabi_memset                           0x080002eb   Thumb Code    16  aeabi_memset.o(.text)
    __aeabi_memclr                           0x080002fb   Thumb Code     0  rt_memclr.o(.text)
    __rt_memclr                              0x080002fb   Thumb Code    68  rt_memclr.o(.text)
    _memset                                  0x080002ff   Thumb Code     0  rt_memclr.o(.text)
    __aeabi_memclr4                          0x0800033f   Thumb Code     0  rt_memclr_w.o(.text)
    __aeabi_memclr8                          0x0800033f   Thumb Code     0  rt_memclr_w.o(.text)
    __rt_memclr_w                            0x0800033f   Thumb Code    78  rt_memclr_w.o(.text)
    _memset_w                                0x08000343   Thumb Code     0  rt_memclr_w.o(.text)
    __use_two_region_memory                  0x0800038d   Thumb Code     2  heapauxi.o(.text)
    __rt_heap_escrow$2region                 0x0800038f   Thumb Code     2  heapauxi.o(.text)
    __rt_heap_expand$2region                 0x08000391   Thumb Code     2  heapauxi.o(.text)
    __aeabi_memcpy4                          0x08000393   Thumb Code     0  rt_memcpy_w.o(.text)
    __aeabi_memcpy8                          0x08000393   Thumb Code     0  rt_memcpy_w.o(.text)
    __rt_memcpy_w                            0x08000393   Thumb Code   100  rt_memcpy_w.o(.text)
    _memcpy_lastbytes_aligned                0x080003db   Thumb Code     0  rt_memcpy_w.o(.text)
    __user_libspace                          0x080003f9   Thumb Code     8  libspace.o(.text)
    __user_perproc_libspace                  0x080003f9   Thumb Code     0  libspace.o(.text)
    __user_perthread_libspace                0x080003f9   Thumb Code     0  libspace.o(.text)
    __user_setup_stackheap                   0x08000401   Thumb Code    74  sys_stackheap_outer.o(.text)
    exit                                     0x0800044b   Thumb Code    18  exit.o(.text)
    _sys_exit                                0x0800045d   Thumb Code     8  sys_exit.o(.text)
    __I$use$semihosting                      0x08000469   Thumb Code     0  use_no_semi.o(.text)
    __use_no_semihosting_swi                 0x08000469   Thumb Code     2  use_no_semi.o(.text)
    BusFault_Handler                         0x0800046b   Thumb Code     4  stm32f10x_it.o(i.BusFault_Handler)
    __semihosting_library_function           0x0800046b   Thumb Code     0  indicate_semi.o(.text)
    DebugMon_Handler                         0x0800046f   Thumb Code     2  stm32f10x_it.o(i.DebugMon_Handler)
    GPIO_Init                                0x08000471   Thumb Code   278  stm32f10x_gpio.o(i.GPIO_Init)
    GPIO_ReadInputDataBit                    0x08000587   Thumb Code    18  stm32f10x_gpio.o(i.GPIO_ReadInputDataBit)
    GPIO_ReadOutputDataBit                   0x08000599   Thumb Code    18  stm32f10x_gpio.o(i.GPIO_ReadOutputDataBit)
    GPIO_ResetBits                           0x080005ab   Thumb Code     4  stm32f10x_gpio.o(i.GPIO_ResetBits)
    GPIO_SetBits                             0x080005af   Thumb Code     4  stm32f10x_gpio.o(i.GPIO_SetBits)
    HardFault_Handler                        0x080005b3   Thumb Code     4  stm32f10x_it.o(i.HardFault_Handler)
    Key_GetNum                               0x080005b9   Thumb Code    48  key.o(i.Key_GetNum)
    Key_Init                                 0x080005ed   Thumb Code    40  key.o(i.Key_Init)
    LED_Init                                 0x08000619   Thumb Code    46  led.o(i.LED_Init)
    LED_OFF                                  0x0800064d   Thumb Code    14  led.o(i.LED_OFF)
    LED_Turn                                 0x08000661   Thumb Code    34  led.o(i.LED_Turn)
    MemManage_Handler                        0x08000689   Thumb Code     4  stm32f10x_it.o(i.MemManage_Handler)
    NMI_Handler                              0x0800068d   Thumb Code     2  stm32f10x_it.o(i.NMI_Handler)
    RCC_APB2PeriphClockCmd                   0x08000691   Thumb Code    26  stm32f10x_rcc.o(i.RCC_APB2PeriphClockCmd)
    Start_Task                               0x08000799   Thumb Code   106  main.o(i.Start_Task)
    SysTick_Handler                          0x08000851   Thumb Code    46  port.o(i.SysTick_Handler)
    SystemInit                               0x08000885   Thumb Code    78  system_stm32f10x.o(i.SystemInit)
    Task1                                    0x080008e5   Thumb Code    18  main.o(i.Task1)
    Task2                                    0x080008f7   Thumb Code    18  main.o(i.Task2)
    Task3                                    0x08000909   Thumb Code    44  main.o(i.Task3)
    UsageFault_Handler                       0x08000939   Thumb Code     4  stm32f10x_it.o(i.UsageFault_Handler)
    main                                     0x0800093d   Thumb Code    46  main.o(i.main)
    pxPortInitialiseStack                    0x08001291   Thumb Code    30  port.o(i.pxPortInitialiseStack)
    uxListRemove                             0x080012b5   Thumb Code    40  list.o(i.uxListRemove)
    uxTaskGetNumberOfTasks                   0x080012dd   Thumb Code     6  tasks.o(i.uxTaskGetNumberOfTasks)
    vApplicationGetIdleTaskMemory            0x080012e9   Thumb Code    14  main.o(i.vApplicationGetIdleTaskMemory)
    vApplicationGetTimerTaskMemory           0x08001301   Thumb Code    14  main.o(i.vApplicationGetTimerTaskMemory)
    vListInitialise                          0x08001319   Thumb Code    26  list.o(i.vListInitialise)
    vListInitialiseItem                      0x08001333   Thumb Code     6  list.o(i.vListInitialiseItem)
    vListInsert                              0x08001339   Thumb Code    52  list.o(i.vListInsert)
    vListInsertEnd                           0x0800136d   Thumb Code    24  list.o(i.vListInsertEnd)
    vPortEnterCritical                       0x08001385   Thumb Code    30  port.o(i.vPortEnterCritical)
    vPortExitCritical                        0x080013a9   Thumb Code    28  port.o(i.vPortExitCritical)
    vPortFree                                0x080013c9   Thumb Code    68  heap_4.o(i.vPortFree)
    vPortSetupTimerInterrupt                 0x08001415   Thumb Code    36  port.o(i.vPortSetupTimerInterrupt)
    vQueueAddToRegistry                      0x0800143d   Thumb Code    66  queue.o(i.vQueueAddToRegistry)
    vQueueWaitForMessageRestricted           0x08001485   Thumb Code    74  queue.o(i.vQueueWaitForMessageRestricted)
    vTaskDelay                               0x080014d1   Thumb Code    46  tasks.o(i.vTaskDelay)
    vTaskDelete                              0x08001505   Thumb Code   140  tasks.o(i.vTaskDelete)
    vTaskInternalSetTimeOutState             0x080015ad   Thumb Code    14  tasks.o(i.vTaskInternalSetTimeOutState)
    vTaskMissedYield                         0x080015c5   Thumb Code     8  tasks.o(i.vTaskMissedYield)
    vTaskPlaceOnEventList                    0x080015d1   Thumb Code    28  tasks.o(i.vTaskPlaceOnEventList)
    vTaskPlaceOnEventListRestricted          0x080015f1   Thumb Code    70  tasks.o(i.vTaskPlaceOnEventListRestricted)
    vTaskStartScheduler                      0x0800163d   Thumb Code   124  tasks.o(i.vTaskStartScheduler)
    vTaskSuspendAll                          0x080016d9   Thumb Code    12  tasks.o(i.vTaskSuspendAll)
    vTaskSwitchContext                       0x080016e9   Thumb Code    98  tasks.o(i.vTaskSwitchContext)
    xPortStartScheduler                      0x08001761   Thumb Code    42  port.o(i.xPortStartScheduler)
    xQueueGenericCreateStatic                0x08001795   Thumb Code    62  queue.o(i.xQueueGenericCreateStatic)
    xQueueGenericReset                       0x080017d5   Thumb Code   156  queue.o(i.xQueueGenericReset)
    xQueueReceive                            0x08001875   Thumb Code   256  queue.o(i.xQueueReceive)
    xTaskCheckForTimeOut                     0x08001979   Thumb Code    88  tasks.o(i.xTaskCheckForTimeOut)
    xTaskCreateStatic                        0x080019d9   Thumb Code    86  tasks.o(i.xTaskCreateStatic)
    xTaskGetTickCount                        0x08001a31   Thumb Code     6  tasks.o(i.xTaskGetTickCount)
    xTaskIncrementTick                       0x08001a3d   Thumb Code   354  tasks.o(i.xTaskIncrementTick)
    xTaskPriorityDisinherit                  0x08001bcd   Thumb Code   138  tasks.o(i.xTaskPriorityDisinherit)
    xTaskRemoveFromEventList                 0x08001c61   Thumb Code   238  tasks.o(i.xTaskRemoveFromEventList)
    xTaskResumeAll                           0x08001d69   Thumb Code   308  tasks.o(i.xTaskResumeAll)
    xTimerCreateTimerTask                    0x08001ec1   Thumb Code    76  timers.o(i.xTimerCreateTimerTask)
    Region$$Table$$Base                      0x08001f20   Number         0  anon$$obj.o(Region$$Table)
    Region$$Table$$Limit                     0x08001f40   Number         0  anon$$obj.o(Region$$Table)
    SystemCoreClock                          0x20000000   Data           4  system_stm32f10x.o(.data)
    AHBPrescTable                            0x20000004   Data          16  system_stm32f10x.o(.data)
    StartTask_Handler                        0x20000014   Data           4  main.o(.data)
    Task1_Handler                            0x20000018   Data           4  main.o(.data)
    Task2_Handler                            0x2000001c   Data           4  main.o(.data)
    Task3_Handler                            0x20000020   Data           4  main.o(.data)
    pxCurrentTCB                             0x20000024   Data           4  tasks.o(.data)
    uxTopUsedPriority                        0x2000005c   Data           4  tasks.o(.data)
    Start_task_stack                         0x20000098   Data         512  main.o(.bss)
    Start_task_tcb                           0x20000298   Data          92  main.o(.bss)
    TASK1_STACK                              0x200002f4   Data         512  main.o(.bss)
    TASK1_TCB                                0x200004f4   Data          92  main.o(.bss)
    TASK2_STACK                              0x20000550   Data         512  main.o(.bss)
    TASK2_TCB                                0x20000750   Data          92  main.o(.bss)
    TASK3_STACK                              0x200007ac   Data         512  main.o(.bss)
    TASK3_TCB                                0x200009ac   Data          92  main.o(.bss)
    idle_task_tcb                            0x20000a08   Data          92  main.o(.bss)
    idle_task_stack                          0x20000a64   Data         512  main.o(.bss)
    Timer_task_tcb                           0x20000c64   Data          92  main.o(.bss)
    Timer_task_stack                         0x20000cc0   Data         512  main.o(.bss)
    xQueueRegistry                           0x20000ec0   Data          64  queue.o(.bss)
    __libspace_start                         0x200010e4   Data          96  libspace.o(.bss)
    __temporary_stack_top$libspace           0x20001144   Data           0  libspace.o(.bss)



==============================================================================

Memory Map of the image

  Image Entry point : 0x080000ed

  Load Region LR_IROM1 (Base: 0x08000000, Size: 0x00001fd8, Max: 0x00010000, ABSOLUTE)

    Execution Region ER_IROM1 (Exec base: 0x08000000, Load base: 0x08000000, Size: 0x00001f40, Max: 0x00010000, ABSOLUTE)

    Exec Addr    Load Addr    Size         Type   Attr      Idx    E Section Name        Object

    0x08000000   0x08000000   0x000000ec   Data   RO            3    RESET               startup_stm32f10x_md.o
    0x080000ec   0x080000ec   0x00000008   Code   RO         5165  * !!!main             c_w.l(__main.o)
    0x080000f4   0x080000f4   0x00000034   Code   RO         5569    !!!scatter          c_w.l(__scatter.o)
    0x08000128   0x08000128   0x0000001a   Code   RO         5571    !!handler_copy      c_w.l(__scatter_copy.o)
    0x08000142   0x08000142   0x00000002   PAD
    0x08000144   0x08000144   0x0000001c   Code   RO         5573    !!handler_zi        c_w.l(__scatter_zi.o)
    0x08000160   0x08000160   0x00000002   Code   RO         5431    .ARM.Collect$$libinit$$00000000  c_w.l(libinit.o)
    0x08000162   0x08000162   0x00000000   Code   RO         5442    .ARM.Collect$$libinit$$00000002  c_w.l(libinit2.o)
    0x08000162   0x08000162   0x00000000   Code   RO         5444    .ARM.Collect$$libinit$$00000004  c_w.l(libinit2.o)
    0x08000162   0x08000162   0x00000000   Code   RO         5447    .ARM.Collect$$libinit$$0000000A  c_w.l(libinit2.o)
    0x08000162   0x08000162   0x00000000   Code   RO         5449    .ARM.Collect$$libinit$$0000000C  c_w.l(libinit2.o)
    0x08000162   0x08000162   0x00000000   Code   RO         5451    .ARM.Collect$$libinit$$0000000E  c_w.l(libinit2.o)
    0x08000162   0x08000162   0x00000000   Code   RO         5454    .ARM.Collect$$libinit$$00000011  c_w.l(libinit2.o)
    0x08000162   0x08000162   0x00000000   Code   RO         5456    .ARM.Collect$$libinit$$00000013  c_w.l(libinit2.o)
    0x08000162   0x08000162   0x00000000   Code   RO         5458    .ARM.Collect$$libinit$$00000015  c_w.l(libinit2.o)
    0x08000162   0x08000162   0x00000000   Code   RO         5460    .ARM.Collect$$libinit$$00000017  c_w.l(libinit2.o)
    0x08000162   0x08000162   0x00000000   Code   RO         5462    .ARM.Collect$$libinit$$00000019  c_w.l(libinit2.o)
    0x08000162   0x08000162   0x00000000   Code   RO         5464    .ARM.Collect$$libinit$$0000001B  c_w.l(libinit2.o)
    0x08000162   0x08000162   0x00000000   Code   RO         5466    .ARM.Collect$$libinit$$0000001D  c_w.l(libinit2.o)
    0x08000162   0x08000162   0x00000000   Code   RO         5468    .ARM.Collect$$libinit$$0000001F  c_w.l(libinit2.o)
    0x08000162   0x08000162   0x00000000   Code   RO         5470    .ARM.Collect$$libinit$$00000021  c_w.l(libinit2.o)
    0x08000162   0x08000162   0x00000000   Code   RO         5472    .ARM.Collect$$libinit$$00000023  c_w.l(libinit2.o)
    0x08000162   0x08000162   0x00000000   Code   RO         5474    .ARM.Collect$$libinit$$00000025  c_w.l(libinit2.o)
    0x08000162   0x08000162   0x00000000   Code   RO         5478    .ARM.Collect$$libinit$$0000002C  c_w.l(libinit2.o)
    0x08000162   0x08000162   0x00000000   Code   RO         5480    .ARM.Collect$$libinit$$0000002E  c_w.l(libinit2.o)
    0x08000162   0x08000162   0x00000000   Code   RO         5482    .ARM.Collect$$libinit$$00000030  c_w.l(libinit2.o)
    0x08000162   0x08000162   0x00000000   Code   RO         5484    .ARM.Collect$$libinit$$00000032  c_w.l(libinit2.o)
    0x08000162   0x08000162   0x00000002   Code   RO         5485    .ARM.Collect$$libinit$$00000033  c_w.l(libinit2.o)
    0x08000164   0x08000164   0x00000002   Code   RO         5509    .ARM.Collect$$libshutdown$$00000000  c_w.l(libshutdown.o)
    0x08000166   0x08000166   0x00000000   Code   RO         5522    .ARM.Collect$$libshutdown$$00000002  c_w.l(libshutdown2.o)
    0x08000166   0x08000166   0x00000000   Code   RO         5524    .ARM.Collect$$libshutdown$$00000004  c_w.l(libshutdown2.o)
    0x08000166   0x08000166   0x00000000   Code   RO         5527    .ARM.Collect$$libshutdown$$00000007  c_w.l(libshutdown2.o)
    0x08000166   0x08000166   0x00000000   Code   RO         5530    .ARM.Collect$$libshutdown$$0000000A  c_w.l(libshutdown2.o)
    0x08000166   0x08000166   0x00000000   Code   RO         5532    .ARM.Collect$$libshutdown$$0000000C  c_w.l(libshutdown2.o)
    0x08000166   0x08000166   0x00000000   Code   RO         5535    .ARM.Collect$$libshutdown$$0000000F  c_w.l(libshutdown2.o)
    0x08000166   0x08000166   0x00000002   Code   RO         5536    .ARM.Collect$$libshutdown$$00000010  c_w.l(libshutdown2.o)
    0x08000168   0x08000168   0x00000000   Code   RO         5223    .ARM.Collect$$rtentry$$00000000  c_w.l(__rtentry.o)
    0x08000168   0x08000168   0x00000000   Code   RO         5344    .ARM.Collect$$rtentry$$00000002  c_w.l(__rtentry2.o)
    0x08000168   0x08000168   0x00000006   Code   RO         5356    .ARM.Collect$$rtentry$$00000004  c_w.l(__rtentry4.o)
    0x0800016e   0x0800016e   0x00000000   Code   RO         5346    .ARM.Collect$$rtentry$$00000009  c_w.l(__rtentry2.o)
    0x0800016e   0x0800016e   0x00000004   Code   RO         5347    .ARM.Collect$$rtentry$$0000000A  c_w.l(__rtentry2.o)
    0x08000172   0x08000172   0x00000000   Code   RO         5349    .ARM.Collect$$rtentry$$0000000C  c_w.l(__rtentry2.o)
    0x08000172   0x08000172   0x00000008   Code   RO         5350    .ARM.Collect$$rtentry$$0000000D  c_w.l(__rtentry2.o)
    0x0800017a   0x0800017a   0x00000002   Code   RO         5436    .ARM.Collect$$rtexit$$00000000  c_w.l(rtexit.o)
    0x0800017c   0x0800017c   0x00000000   Code   RO         5489    .ARM.Collect$$rtexit$$00000002  c_w.l(rtexit2.o)
    0x0800017c   0x0800017c   0x00000004   Code   RO         5490    .ARM.Collect$$rtexit$$00000003  c_w.l(rtexit2.o)
    0x08000180   0x08000180   0x00000006   Code   RO         5491    .ARM.Collect$$rtexit$$00000004  c_w.l(rtexit2.o)
    0x08000186   0x08000186   0x00000002   PAD
    0x08000188   0x08000188   0x00000096   Code   RO         4980    .emb_text           port.o
    0x0800021e   0x0800021e   0x00000002   PAD
    0x08000220   0x08000220   0x00000040   Code   RO            4    .text               startup_stm32f10x_md.o
    0x08000260   0x08000260   0x0000008a   Code   RO         5153    .text               c_w.l(rt_memcpy_v6.o)
    0x080002ea   0x080002ea   0x00000010   Code   RO         5155    .text               c_w.l(aeabi_memset.o)
    0x080002fa   0x080002fa   0x00000044   Code   RO         5157    .text               c_w.l(rt_memclr.o)
    0x0800033e   0x0800033e   0x0000004e   Code   RO         5159    .text               c_w.l(rt_memclr_w.o)
    0x0800038c   0x0800038c   0x00000006   Code   RO         5163    .text               c_w.l(heapauxi.o)
    0x08000392   0x08000392   0x00000064   Code   RO         5293    .text               c_w.l(rt_memcpy_w.o)
    0x080003f6   0x080003f6   0x00000002   PAD
    0x080003f8   0x080003f8   0x00000008   Code   RO         5382    .text               c_w.l(libspace.o)
    0x08000400   0x08000400   0x0000004a   Code   RO         5385    .text               c_w.l(sys_stackheap_outer.o)
    0x0800044a   0x0800044a   0x00000012   Code   RO         5424    .text               c_w.l(exit.o)
    0x0800045c   0x0800045c   0x0000000c   Code   RO         5501    .text               c_w.l(sys_exit.o)
    0x08000468   0x08000468   0x00000002   Code   RO         5512    .text               c_w.l(use_no_semi.o)
    0x0800046a   0x0800046a   0x00000000   Code   RO         5514    .text               c_w.l(indicate_semi.o)
    0x0800046a   0x0800046a   0x00000004   Code   RO         3732    i.BusFault_Handler  stm32f10x_it.o
    0x0800046e   0x0800046e   0x00000002   Code   RO         3733    i.DebugMon_Handler  stm32f10x_it.o
    0x08000470   0x08000470   0x00000116   Code   RO         1347    i.GPIO_Init         stm32f10x_gpio.o
    0x08000586   0x08000586   0x00000012   Code   RO         1351    i.GPIO_ReadInputDataBit  stm32f10x_gpio.o
    0x08000598   0x08000598   0x00000012   Code   RO         1353    i.GPIO_ReadOutputDataBit  stm32f10x_gpio.o
    0x080005aa   0x080005aa   0x00000004   Code   RO         1354    i.GPIO_ResetBits    stm32f10x_gpio.o
    0x080005ae   0x080005ae   0x00000004   Code   RO         1355    i.GPIO_SetBits      stm32f10x_gpio.o
    0x080005b2   0x080005b2   0x00000004   Code   RO         3734    i.HardFault_Handler  stm32f10x_it.o
    0x080005b6   0x080005b6   0x00000002   PAD
    0x080005b8   0x080005b8   0x00000034   Code   RO         3520    i.Key_GetNum        key.o
    0x080005ec   0x080005ec   0x0000002c   Code   RO         3521    i.Key_Init          key.o
    0x08000618   0x08000618   0x00000034   Code   RO         3490    i.LED_Init          led.o
    0x0800064c   0x0800064c   0x00000014   Code   RO         3491    i.LED_OFF           led.o
    0x08000660   0x08000660   0x00000028   Code   RO         3493    i.LED_Turn          led.o
    0x08000688   0x08000688   0x00000004   Code   RO         3735    i.MemManage_Handler  stm32f10x_it.o
    0x0800068c   0x0800068c   0x00000002   Code   RO         3736    i.NMI_Handler       stm32f10x_it.o
    0x0800068e   0x0800068e   0x00000002   PAD
    0x08000690   0x08000690   0x00000020   Code   RO         1777    i.RCC_APB2PeriphClockCmd  stm32f10x_rcc.o
    0x080006b0   0x080006b0   0x00000008   Code   RO           24    i.SetSysClock       system_stm32f10x.o
    0x080006b8   0x080006b8   0x000000e0   Code   RO           25    i.SetSysClockTo72   system_stm32f10x.o
    0x08000798   0x08000798   0x000000b8   Code   RO         3654    i.Start_Task        main.o
    0x08000850   0x08000850   0x00000034   Code   RO         4981    i.SysTick_Handler   port.o
    0x08000884   0x08000884   0x00000060   Code   RO           27    i.SystemInit        system_stm32f10x.o
    0x080008e4   0x080008e4   0x00000012   Code   RO         3655    i.Task1             main.o
    0x080008f6   0x080008f6   0x00000012   Code   RO         3656    i.Task2             main.o
    0x08000908   0x08000908   0x00000030   Code   RO         3657    i.Task3             main.o
    0x08000938   0x08000938   0x00000004   Code   RO         3737    i.UsageFault_Handler  stm32f10x_it.o
    0x0800093c   0x0800093c   0x0000004c   Code   RO         3658    i.main              main.o
    0x08000988   0x08000988   0x000000a4   Code   RO         4409    i.prvAddCurrentTaskToDelayedList  tasks.o
    0x08000a2c   0x08000a2c   0x000000e8   Code   RO         4410    i.prvAddNewTaskToReadyList  tasks.o
    0x08000b14   0x08000b14   0x00000074   Code   RO         4803    i.prvCheckForValidListAndQueue  timers.o
    0x08000b88   0x08000b88   0x00000048   Code   RO         4411    i.prvCheckTasksWaitingTermination  tasks.o
    0x08000bd0   0x08000bd0   0x0000002a   Code   RO         3976    i.prvCopyDataFromQueue  queue.o
    0x08000bfa   0x08000bfa   0x0000007e   Code   RO         3977    i.prvCopyDataToQueue  queue.o
    0x08000c78   0x08000c78   0x00000028   Code   RO         4412    i.prvDeleteTCB      tasks.o
    0x08000ca0   0x08000ca0   0x00000028   Code   RO         4804    i.prvGetNextExpireTime  timers.o
    0x08000cc8   0x08000cc8   0x00000028   Code   RO         4413    i.prvIdleTask       tasks.o
    0x08000cf0   0x08000cf0   0x0000002e   Code   RO         3980    i.prvInitialiseNewQueue  queue.o
    0x08000d1e   0x08000d1e   0x00000086   Code   RO         4414    i.prvInitialiseNewTask  tasks.o
    0x08000da4   0x08000da4   0x00000068   Code   RO         4415    i.prvInitialiseTaskLists  tasks.o
    0x08000e0c   0x08000e0c   0x00000068   Code   RO         5052    i.prvInsertBlockIntoFreeList  heap_4.o
    0x08000e74   0x08000e74   0x00000058   Code   RO         4806    i.prvInsertTimerInActiveList  timers.o
    0x08000ecc   0x08000ecc   0x0000001a   Code   RO         3981    i.prvIsQueueEmpty   queue.o
    0x08000ee6   0x08000ee6   0x00000058   Code   RO         3983    i.prvNotifyQueueSetContainer  queue.o
    0x08000f3e   0x08000f3e   0x00000002   PAD
    0x08000f40   0x08000f40   0x00000044   Code   RO         4807    i.prvProcessExpiredTimer  timers.o
    0x08000f84   0x08000f84   0x00000110   Code   RO         4808    i.prvProcessReceivedCommands  timers.o
    0x08001094   0x08001094   0x00000074   Code   RO         4809    i.prvProcessTimerOrBlockTask  timers.o
    0x08001108   0x08001108   0x00000028   Code   RO         4810    i.prvReloadTimer    timers.o
    0x08001130   0x08001130   0x00000030   Code   RO         4417    i.prvResetNextTaskUnblockTime  tasks.o
    0x08001160   0x08001160   0x0000002c   Code   RO         4811    i.prvSampleTimeNow  timers.o
    0x0800118c   0x0800118c   0x00000044   Code   RO         4812    i.prvSwitchTimerLists  timers.o
    0x080011d0   0x080011d0   0x00000016   Code   RO         4982    i.prvTaskExitError  port.o
    0x080011e6   0x080011e6   0x0000001a   Code   RO         4813    i.prvTimerTask      timers.o
    0x08001200   0x08001200   0x00000090   Code   RO         3984    i.prvUnlockQueue    queue.o
    0x08001290   0x08001290   0x00000024   Code   RO         4983    i.pxPortInitialiseStack  port.o
    0x080012b4   0x080012b4   0x00000028   Code   RO         3936    i.uxListRemove      list.o
    0x080012dc   0x080012dc   0x0000000c   Code   RO         4424    i.uxTaskGetNumberOfTasks  tasks.o
    0x080012e8   0x080012e8   0x00000018   Code   RO         3659    i.vApplicationGetIdleTaskMemory  main.o
    0x08001300   0x08001300   0x00000018   Code   RO         3660    i.vApplicationGetTimerTaskMemory  main.o
    0x08001318   0x08001318   0x0000001a   Code   RO         3937    i.vListInitialise   list.o
    0x08001332   0x08001332   0x00000006   Code   RO         3938    i.vListInitialiseItem  list.o
    0x08001338   0x08001338   0x00000034   Code   RO         3939    i.vListInsert       list.o
    0x0800136c   0x0800136c   0x00000018   Code   RO         3940    i.vListInsertEnd    list.o
    0x08001384   0x08001384   0x00000024   Code   RO         4985    i.vPortEnterCritical  port.o
    0x080013a8   0x080013a8   0x00000020   Code   RO         4986    i.vPortExitCritical  port.o
    0x080013c8   0x080013c8   0x0000004c   Code   RO         5055    i.vPortFree         heap_4.o
    0x08001414   0x08001414   0x00000028   Code   RO         4987    i.vPortSetupTimerInterrupt  port.o
    0x0800143c   0x0800143c   0x00000048   Code   RO         3990    i.vQueueAddToRegistry  queue.o
    0x08001484   0x08001484   0x0000004a   Code   RO         3994    i.vQueueWaitForMessageRestricted  queue.o
    0x080014ce   0x080014ce   0x00000002   PAD
    0x080014d0   0x080014d0   0x00000034   Code   RO         4430    i.vTaskDelay        tasks.o
    0x08001504   0x08001504   0x000000a8   Code   RO         4431    i.vTaskDelete       tasks.o
    0x080015ac   0x080015ac   0x00000018   Code   RO         4435    i.vTaskInternalSetTimeOutState  tasks.o
    0x080015c4   0x080015c4   0x0000000c   Code   RO         4437    i.vTaskMissedYield  tasks.o
    0x080015d0   0x080015d0   0x00000020   Code   RO         4438    i.vTaskPlaceOnEventList  tasks.o
    0x080015f0   0x080015f0   0x0000004c   Code   RO         4439    i.vTaskPlaceOnEventListRestricted  tasks.o
    0x0800163c   0x0800163c   0x0000009c   Code   RO         4447    i.vTaskStartScheduler  tasks.o
    0x080016d8   0x080016d8   0x00000010   Code   RO         4449    i.vTaskSuspendAll   tasks.o
    0x080016e8   0x080016e8   0x00000078   Code   RO         4450    i.vTaskSwitchContext  tasks.o
    0x08001760   0x08001760   0x00000034   Code   RO         4988    i.xPortStartScheduler  port.o
    0x08001794   0x08001794   0x0000003e   Code   RO         4002    i.xQueueGenericCreateStatic  queue.o
    0x080017d2   0x080017d2   0x00000002   PAD
    0x080017d4   0x080017d4   0x000000a0   Code   RO         4003    i.xQueueGenericReset  queue.o
    0x08001874   0x08001874   0x00000104   Code   RO         4012    i.xQueueReceive     queue.o
    0x08001978   0x08001978   0x00000060   Code   RO         4452    i.xTaskCheckForTimeOut  tasks.o
    0x080019d8   0x080019d8   0x00000056   Code   RO         4454    i.xTaskCreateStatic  tasks.o
    0x08001a2e   0x08001a2e   0x00000002   PAD
    0x08001a30   0x08001a30   0x0000000c   Code   RO         4462    i.xTaskGetTickCount  tasks.o
    0x08001a3c   0x08001a3c   0x00000190   Code   RO         4464    i.xTaskIncrementTick  tasks.o
    0x08001bcc   0x08001bcc   0x00000094   Code   RO         4465    i.xTaskPriorityDisinherit  tasks.o
    0x08001c60   0x08001c60   0x00000108   Code   RO         4467    i.xTaskRemoveFromEventList  tasks.o
    0x08001d68   0x08001d68   0x00000158   Code   RO         4468    i.xTaskResumeAll    tasks.o
    0x08001ec0   0x08001ec0   0x00000060   Code   RO         4822    i.xTimerCreateTimerTask  timers.o
    0x08001f20   0x08001f20   0x00000020   Data   RO         5567    Region$$Table       anon$$obj.o


    Execution Region RW_IRAM1 (Exec base: 0x20000000, Load base: 0x08001f40, Size: 0x00001748, Max: 0x00005000, ABSOLUTE)

    Exec Addr    Load Addr    Size         Type   Attr      Idx    E Section Name        Object

    0x20000000   0x08001f40   0x00000014   Data   RW           28    .data               system_stm32f10x.o
    0x20000014   0x08001f54   0x00000010   Data   RW         3662    .data               main.o
    0x20000024   0x08001f64   0x00000040   Data   RW         4471    .data               tasks.o
    0x20000064   0x08001fa4   0x00000014   Data   RW         4832    .data               timers.o
    0x20000078   0x08001fb8   0x00000004   Data   RW         4989    .data               port.o
    0x2000007c   0x08001fbc   0x0000001c   Data   RW         5061    .data               heap_4.o
    0x20000098        -       0x00000e28   Zero   RW         3661    .bss                main.o
    0x20000ec0        -       0x00000040   Zero   RW         4019    .bss                queue.o
    0x20000f00        -       0x000000c8   Zero   RW         4470    .bss                tasks.o
    0x20000fc8        -       0x0000011c   Zero   RW         4831    .bss                timers.o
    0x200010e4        -       0x00000060   Zero   RW         5383    .bss                c_w.l(libspace.o)
    0x20001144   0x08001fd8   0x00000004   PAD
    0x20001148        -       0x00000200   Zero   RW            2    HEAP                startup_stm32f10x_md.o
    0x20001348        -       0x00000400   Zero   RW            1    STACK               startup_stm32f10x_md.o


==============================================================================

Image component sizes


      Code (inc. data)   RO Data    RW Data    ZI Data      Debug   Object Name

         0          0          0          0          0       4500   core_cm3.o
         0          0          0          0          0      13820   croutine.o
         0          0          0          0          0      23620   event_groups.o
       180         16          0         28          0       3100   heap_4.o
        96          8          0          0          0      19720   key.o
       112         18          0          0          0       1372   led.o
       148          0          0          0          0      12490   list.o
       392        132          0         16       3624      15827   main.o
         0          0          0          0          0     201668   misc.o
       420         48          0          4          0       8712   port.o
      1100         14          0          0         64      12897   queue.o
        64         26        236          0       1536        804   startup_stm32f10x_md.o
       322          0          0          0          0      12265   stm32f10x_gpio.o
        20          0          0          0          0       2409   stm32f10x_it.o
        32          6          0          0          0        521   stm32f10x_rcc.o
       328         28          0         20          0      10345   system_stm32f10x.o
      2852        368          0         64        200      40984   tasks.o
       974        118          0         20        284      13220   timers.o

    ----------------------------------------------------------------------
      7054        782        268        152       5708     398274   Object Totals
         0          0         32          0          0          0   (incl. Generated)
        14          0          0          0          0          0   (incl. Padding)

    ----------------------------------------------------------------------

      Code (inc. data)   RO Data    RW Data    ZI Data      Debug   Library Member Name

         8          0          0          0          0         68   __main.o
         0          0          0          0          0          0   __rtentry.o
        12          0          0          0          0          0   __rtentry2.o
         6          0          0          0          0          0   __rtentry4.o
        52          8          0          0          0          0   __scatter.o
        26          0          0          0          0          0   __scatter_copy.o
        28          0          0          0          0          0   __scatter_zi.o
        16          0          0          0          0         68   aeabi_memset.o
        18          0          0          0          0         80   exit.o
         6          0          0          0          0        152   heapauxi.o
         0          0          0          0          0          0   indicate_semi.o
         2          0          0          0          0          0   libinit.o
         2          0          0          0          0          0   libinit2.o
         2          0          0          0          0          0   libshutdown.o
         2          0          0          0          0          0   libshutdown2.o
         8          4          0          0         96         68   libspace.o
        68          0          0          0          0         68   rt_memclr.o
        78          0          0          0          0         80   rt_memclr_w.o
       138          0          0          0          0         68   rt_memcpy_v6.o
       100          0          0          0          0         80   rt_memcpy_w.o
         2          0          0          0          0          0   rtexit.o
        10          0          0          0          0          0   rtexit2.o
        12          4          0          0          0         68   sys_exit.o
        74          0          0          0          0         80   sys_stackheap_outer.o
         2          0          0          0          0         68   use_no_semi.o

    ----------------------------------------------------------------------
       678         16          0          0        100        948   Library Totals
         6          0          0          0          4          0   (incl. Padding)

    ----------------------------------------------------------------------

      Code (inc. data)   RO Data    RW Data    ZI Data      Debug   Library Name

       672         16          0          0         96        948   c_w.l

    ----------------------------------------------------------------------
       678         16          0          0        100        948   Library Totals

    ----------------------------------------------------------------------

==============================================================================


      Code (inc. data)   RO Data    RW Data    ZI Data      Debug   

      7732        798        268        152       5808     394434   Grand Totals
      7732        798        268        152       5808     394434   ELF Image Totals
      7732        798        268        152          0          0   ROM Totals

==============================================================================

    Total RO  Size (Code + RO Data)                 8000 (   7.81kB)
    Total RW  Size (RW Data + ZI Data)              5960 (   5.82kB)
    Total ROM Size (Code + RO Data + RW Data)       8152 (   7.96kB)

==============================================================================

